Archive member included to satisfy reference by file (symbol)

..\freertos\libfreertos.a(tasks.c.obj)
                              CMakeFiles/main.dir/main.c.obj (xTaskCreate)
..\freertos\libfreertos.a(timers.c.obj)
                              ..\freertos\libfreertos.a(tasks.c.obj) (xTimerCreateTimerTask)
..\freertos\libfreertos.a(heap_3.c.obj)
                              ..\freertos\libfreertos.a(tasks.c.obj) (pvPortMalloc)
..\freertos\libfreertos.a(port.c.obj)
                              ..\freertos\libfreertos.a(tasks.c.obj) (pxPortInitialiseStack)
..\freertos\libfreertos.a(list.c.obj)
                              ..\freertos\libfreertos.a(tasks.c.obj) (vListInitialise)
..\freertos\libfreertos.a(queue.c.obj)
                              ..\freertos\libfreertos.a(timers.c.obj) (xQueueGenericCreate)
c:/vsarm/armcc/102020~1/bin/../lib/gcc/arm-none-eabi/10.2.1/thumb/v6-m/nofp\libgcc.a(_dvmd_tls.o)
                              CMakeFiles/main.dir/C_/VSARM/sdk/pico/pico-sdk/src/rp2_common/pico_divider/divider.S.obj (__aeabi_idiv0)
c:/vsarm/armcc/102020~1/bin/../lib/gcc/arm-none-eabi/10.2.1/../../../../arm-none-eabi/lib/thumb/v6-m/nofp\libg.a(lib_a-calloc.o)
                              CMakeFiles/main.dir/C_/VSARM/sdk/pico/pico-sdk/src/rp2_common/pico_malloc/pico_malloc.c.obj (calloc)
c:/vsarm/armcc/102020~1/bin/../lib/gcc/arm-none-eabi/10.2.1/../../../../arm-none-eabi/lib/thumb/v6-m/nofp\libg.a(lib_a-callocr.o)
                              c:/vsarm/armcc/102020~1/bin/../lib/gcc/arm-none-eabi/10.2.1/../../../../arm-none-eabi/lib/thumb/v6-m/nofp\libg.a(lib_a-calloc.o) (_calloc_r)
c:/vsarm/armcc/102020~1/bin/../lib/gcc/arm-none-eabi/10.2.1/../../../../arm-none-eabi/lib/thumb/v6-m/nofp\libg.a(lib_a-ctype_.o)
                              CMakeFiles/main.dir/C_/VSARM/sdk/pico/pico-sdk/lib/tinyusb/src/tusb.c.obj (_ctype_)
c:/vsarm/armcc/102020~1/bin/../lib/gcc/arm-none-eabi/10.2.1/../../../../arm-none-eabi/lib/thumb/v6-m/nofp\libg.a(lib_a-impure.o)
                              c:/vsarm/armcc/102020~1/bin/../lib/gcc/arm-none-eabi/10.2.1/../../../../arm-none-eabi/lib/thumb/v6-m/nofp\libg.a(lib_a-calloc.o) (_impure_ptr)
c:/vsarm/armcc/102020~1/bin/../lib/gcc/arm-none-eabi/10.2.1/../../../../arm-none-eabi/lib/thumb/v6-m/nofp\libg.a(lib_a-init.o)
                              c:/vsarm/armcc/102020~1/bin/../lib/gcc/arm-none-eabi/10.2.1/../../../../arm-none-eabi/lib/thumb/v6-m/nofp/crt0.o (__libc_init_array)
c:/vsarm/armcc/102020~1/bin/../lib/gcc/arm-none-eabi/10.2.1/../../../../arm-none-eabi/lib/thumb/v6-m/nofp\libg.a(lib_a-malloc.o)
                              CMakeFiles/main.dir/C_/VSARM/sdk/pico/pico-sdk/src/rp2_common/pico_malloc/pico_malloc.c.obj (malloc)
c:/vsarm/armcc/102020~1/bin/../lib/gcc/arm-none-eabi/10.2.1/../../../../arm-none-eabi/lib/thumb/v6-m/nofp\libg.a(lib_a-mallocr.o)
                              c:/vsarm/armcc/102020~1/bin/../lib/gcc/arm-none-eabi/10.2.1/../../../../arm-none-eabi/lib/thumb/v6-m/nofp\libg.a(lib_a-callocr.o) (_malloc_r)
c:/vsarm/armcc/102020~1/bin/../lib/gcc/arm-none-eabi/10.2.1/../../../../arm-none-eabi/lib/thumb/v6-m/nofp\libg.a(lib_a-mlock.o)
                              c:/vsarm/armcc/102020~1/bin/../lib/gcc/arm-none-eabi/10.2.1/../../../../arm-none-eabi/lib/thumb/v6-m/nofp\libg.a(lib_a-mallocr.o) (__malloc_lock)
c:/vsarm/armcc/102020~1/bin/../lib/gcc/arm-none-eabi/10.2.1/../../../../arm-none-eabi/lib/thumb/v6-m/nofp\libg.a(lib_a-realloc.o)
                              CMakeFiles/main.dir/C_/VSARM/sdk/pico/pico-sdk/src/rp2_common/pico_malloc/pico_malloc.c.obj (realloc)
c:/vsarm/armcc/102020~1/bin/../lib/gcc/arm-none-eabi/10.2.1/../../../../arm-none-eabi/lib/thumb/v6-m/nofp\libg.a(lib_a-reallocr.o)
                              c:/vsarm/armcc/102020~1/bin/../lib/gcc/arm-none-eabi/10.2.1/../../../../arm-none-eabi/lib/thumb/v6-m/nofp\libg.a(lib_a-realloc.o) (_realloc_r)
c:/vsarm/armcc/102020~1/bin/../lib/gcc/arm-none-eabi/10.2.1/../../../../arm-none-eabi/lib/thumb/v6-m/nofp\libg.a(lib_a-sbrkr.o)
                              c:/vsarm/armcc/102020~1/bin/../lib/gcc/arm-none-eabi/10.2.1/../../../../arm-none-eabi/lib/thumb/v6-m/nofp\libg.a(lib_a-mallocr.o) (_sbrk_r)
c:/vsarm/armcc/102020~1/bin/../lib/gcc/arm-none-eabi/10.2.1/../../../../arm-none-eabi/lib/thumb/v6-m/nofp\libg.a(lib_a-strlen-stub.o)
                              CMakeFiles/main.dir/C_/VSARM/sdk/pico/pico-sdk/src/rp2_common/pico_stdio/stdio.c.obj (strlen)
c:/vsarm/armcc/102020~1/bin/../lib/gcc/arm-none-eabi/10.2.1/../../../../arm-none-eabi/lib/thumb/v6-m/nofp\libg.a(lib_a-freer.o)
                              c:/vsarm/armcc/102020~1/bin/../lib/gcc/arm-none-eabi/10.2.1/../../../../arm-none-eabi/lib/thumb/v6-m/nofp\libg.a(lib_a-malloc.o) (_free_r)
c:/vsarm/armcc/102020~1/bin/../lib/gcc/arm-none-eabi/10.2.1/../../../../arm-none-eabi/lib/thumb/v6-m/nofp\libg.a(lib_a-lock.o)
[...]
Memory Configuration

Name             Origin             Length             Attributes
FLASH            0x10000000         0x00200000         xr
RAM              0x20000000         0x00040000         xrw
SCRATCH_X        0x20040000         0x00001000         xrw
SCRATCH_Y        0x20041000         0x00001000         xrw
*default*        0x00000000         0xffffffff

Linker script and memory map

LOAD c:/vsarm/armcc/102020~1/bin/../lib/gcc/arm-none-eabi/10.2.1/thumb/v6-m/nofp/crti.o
LOAD c:/vsarm/armcc/102020~1/bin/../lib/gcc/arm-none-eabi/10.2.1/thumb/v6-m/nofp/crtbegin.o
LOAD c:/vsarm/armcc/102020~1/bin/../lib/gcc/arm-none-eabi/10.2.1/../../../../arm-none-eabi/lib/thumb/v6-m/nofp/crt0.o

.flash_begin    0x10000000        0x0
                0x10000000                __flash_binary_start = .

.boot2          0x10000000      0x100
                0x10000000                __boot2_start__ = .
 *(.boot2)
 .boot2         0x10000000      0x100 C:\Users\win10\AppData\Local\Temp\ccwn4xnt.o
                0x10000100                __boot2_end__ = .
                0x00000001                ASSERT (((__boot2_end__ - __boot2_start__) == 0x100), ERROR: Pico second stage bootloader must be 256 bytes in size)

.text           0x10000100     0xa3a0
                0x10000100                __logical_binary_start = .
 *(.vectors)
 .vectors       0x10000100       0xd4 CMakeFiles/main.dir/C_/VSARM/sdk/pico/pico-sdk/src/rp2_common/pico_standard_link/crt0.S.obj
                0x10000100                __vectors
                0x10000100                __VECTOR_TABLE
                0x100001c0                isr_invalid
                0x100001c0                __default_isrs_start
                0x100001c2                isr_nmi
                0x100001c4                isr_hardfault
                0x100001cc                isr_irq11
                0x100001cc                isr_irq23
                0x100001cc                isr_irq18
                0x100001cc                isr_irq5
                0x100001cc                isr_irq31
                0x100001cc                isr_irq27
                0x100001cc                isr_irq19
                0x100001cc                isr_irq0
                0x100001cc                isr_irq6
                0x100001cc                isr_irq13
                0x100001cc                isr_irq12
                0x100001cc                isr_irq22
                0x100001cc                __unhandled_user_irq
                0x100001cc                isr_irq17
                0x100001cc                isr_irq14
                0x100001cc                isr_irq28
                0x100001cc                isr_irq2
                0x100001cc                isr_irq10
                0x100001cc                isr_irq8
                0x100001cc                isr_irq24
                0x100001cc                isr_irq1
                0x100001cc                isr_irq7
                0x100001cc                isr_irq21
                0x100001cc                isr_irq20
                0x100001cc                isr_irq15
                0x100001cc                isr_irq25
                0x100001cc                isr_irq30
                0x100001cc                isr_irq4
                0x100001cc                isr_irq16
                0x100001cc                isr_irq29
                0x100001cc                isr_irq26
                0x100001cc                __default_isrs_end
                0x100001cc                isr_irq3
                0x100001cc                isr_irq9
                0x100001d2                unhandled_user_irq_num_in_r0
 *(.binary_info_header)
 .binary_info_header
                0x100001d4       0x14 CMakeFiles/main.dir/C_/VSARM/sdk/pico/pico-sdk/src/rp2_common/pico_standard_link/crt0.S.obj
                0x100001e8                __binary_info_header_end = .
 *(.reset)
 .reset         0x100001e8       0xa8 CMakeFiles/main.dir/C_/VSARM/sdk/pico/pico-sdk/src/rp2_common/pico_standard_link/crt0.S.obj
                0x100001e8                _entry_point
                0x10000266                __get_current_exception
 .reset         0x10000290       0x30 CMakeFiles/main.dir/C_/VSARM/sdk/pico/pico-sdk/src/rp2_common/pico_standard_link/binary_info.c.obj
 *(.init)
 .init          0x100002c0        0x4 c:/vsarm/armcc/102020~1/bin/../lib/gcc/arm-none-eabi/10.2.1/thumb/v6-m/nofp/crti.o
                0x100002c0                _init
 *(EXCLUDE_FILE(*libm.a: *libc.a:*lib_a-mem*.o *libgcc.a:) .text*)
 .text          0x100002c4       0x48 c:/vsarm/armcc/102020~1/bin/../lib/gcc/arm-none-eabi/10.2.1/thumb/v6-m/nofp/crtbegin.o
 .text.led_1_task
                0x1000030c       0x28 CMakeFiles/main.dir/main.c.obj
                0x1000030c                led_1_task
 .text.piezo_task
                0x10000334       0x64 CMakeFiles/main.dir/main.c.obj
                0x10000334                piezo_task
 .text.motor1_CC
                0x10000398       0x30 CMakeFiles/main.dir/main.c.obj
                0x10000398                motor1_CC
 .text.motor1_CCW
                0x100003c8       0x30 CMakeFiles/main.dir/main.c.obj
                0x100003c8                motor1_CCW
 .text.motor2_CC
                0x100003f8       0x30 CMakeFiles/main.dir/main.c.obj
                0x100003f8                motor2_CC
 .text.motor2_CCW
                0x10000428       0x30 CMakeFiles/main.dir/main.c.obj
                0x10000428                motor2_CCW
 .text.motor1_OFF
                0x10000458       0x30 CMakeFiles/main.dir/main.c.obj
                0x10000458                motor1_OFF
 .text.motor1_B_CC
                0x10000488       0x30 CMakeFiles/main.dir/main.c.obj
                0x10000488                motor1_B_CC
 .text.motor1_B_CCW
                0x100004b8       0x30 CMakeFiles/main.dir/main.c.obj
                0x100004b8                motor1_B_CCW
 .text.motor2_B_CC
                0x100004e8       0x30 CMakeFiles/main.dir/main.c.obj
                0x100004e8                motor2_B_CC
 .text.motor2_B_CCW
                0x10000518       0x30 CMakeFiles/main.dir/main.c.obj
                0x10000518                motor2_B_CCW
 .text.motor2_OFF
                0x10000548       0x30 CMakeFiles/main.dir/main.c.obj
                0x10000548                motor2_OFF
 .text.motor_task
                0x10000578      0x16e CMakeFiles/main.dir/main.c.obj
                0x10000578                motor_task
 .text.LTC2445_EOC_timeout
                0x100006e6       0x48 CMakeFiles/main.dir/main.c.obj
                0x100006e6                LTC2445_EOC_timeout
 *fill*         0x1000072e        0x2 
 .text.ltc2449_task
                0x10000730       0x70 CMakeFiles/main.dir/main.c.obj
                0x10000730                ltc2449_task
 .text.main     0x100007a0       0xf0 CMakeFiles/main.dir/main.c.obj
                0x100007a0                main
 .text.gpio_set_function
                0x10000890       0x30 CMakeFiles/main.dir/C_/VSARM/sdk/pico/pico-sdk/src/rp2_common/hardware_gpio/gpio.c.obj
                0x10000890                gpio_set_function
 .text.gpio_init
                0x100008c0       0x16 CMakeFiles/main.dir/C_/VSARM/sdk/pico/pico-sdk/src/rp2_common/hardware_gpio/gpio.c.obj
                0x100008c0                gpio_init
 *fill*         0x100008d6        0x2 
 .text.hw_claim_lock
                0x100008d8       0x18 CMakeFiles/main.dir/C_/VSARM/sdk/pico/pico-sdk/src/rp2_common/hardware_claim/claim.c.obj
                0x100008d8                hw_claim_lock
 .text.hw_claim_unlock
                0x100008f0       0x14 CMakeFiles/main.dir/C_/VSARM/sdk/pico/pico-sdk/src/rp2_common/hardware_claim/claim.c.obj
                0x100008f0                hw_claim_unlock
 .text.hw_claim_or_assert
                0x10000904       0x32 CMakeFiles/main.dir/C_/VSARM/sdk/pico/pico-sdk/src/rp2_common/hardware_claim/claim.c.obj
                0x10000904                hw_claim_or_assert
 .text.hw_claim_unused_from_range
                0x10000936       0x50 CMakeFiles/main.dir/C_/VSARM/sdk/pico/pico-sdk/src/rp2_common/hardware_claim/claim.c.obj
                0x10000936                hw_claim_unused_from_range
 *fill*         0x10000986        0x2 
 .text.running_on_fpga
                0x10000988       0x14 CMakeFiles/main.dir/C_/VSARM/sdk/pico/pico-sdk/src/rp2_common/pico_platform/platform.c.obj
                0x10000988                running_on_fpga
 .text.spin_locks_reset
                0x1000099c       0x20 CMakeFiles/main.dir/C_/VSARM/sdk/pico/pico-sdk/src/rp2_common/hardware_sync/sync.c.obj
                0x1000099c                spin_locks_reset
 .text.next_striped_spin_lock_num
                0x100009bc       0x1c CMakeFiles/main.dir/C_/VSARM/sdk/pico/pico-sdk/src/rp2_common/hardware_sync/sync.c.obj
                0x100009bc                next_striped_spin_lock_num
 .text.spin_lock_claim_unused
                0x100009d8       0x20 CMakeFiles/main.dir/C_/VSARM/sdk/pico/pico-sdk/src/rp2_common/hardware_sync/sync.c.obj
                0x100009d8                spin_lock_claim_unused
 .text.set_raw_irq_handler_and_unlock
                0x100009f8       0x28 CMakeFiles/main.dir/C_/VSARM/sdk/pico/pico-sdk/src/rp2_common/hardware_irq/irq.c.obj
 .text.make_branch
                0x10000a20       0x48 CMakeFiles/main.dir/C_/VSARM/sdk/pico/pico-sdk/src/rp2_common/hardware_irq/irq.c.obj
 .text.insert_branch_and_link
                0x10000a68       0x40 CMakeFiles/main.dir/C_/VSARM/sdk/pico/pico-sdk/src/rp2_common/hardware_irq/irq.c.obj
 .text.irq_is_enabled
                0x10000aa8       0x18 CMakeFiles/main.dir/C_/VSARM/sdk/pico/pico-sdk/src/rp2_common/hardware_irq/irq.c.obj
                0x10000aa8                irq_is_enabled
 .text.irq_set_mask_enabled
                0x10000ac0       0x20 CMakeFiles/main.dir/C_/VSARM/sdk/pico/pico-sdk/src/rp2_common/hardware_irq/irq.c.obj
                0x10000ac0                irq_set_mask_enabled
 .text.irq_set_enabled
                0x10000ae0        0xe CMakeFiles/main.dir/C_/VSARM/sdk/pico/pico-sdk/src/rp2_common/hardware_irq/irq.c.obj
                0x10000ae0                irq_set_enabled
 *fill*         0x10000aee        0x2 
 .text.irq_set_pending
                0x10000af0       0x10 CMakeFiles/main.dir/C_/VSARM/sdk/pico/pico-sdk/src/rp2_common/hardware_irq/irq.c.obj
                0x10000af0                irq_set_pending
 .text.irq_get_vtable_handler
                0x10000b00       0x10 CMakeFiles/main.dir/C_/VSARM/sdk/pico/pico-sdk/src/rp2_common/hardware_irq/irq.c.obj
                0x10000b00                irq_get_vtable_handler
 .text.irq_has_shared_handler
                0x10000b10       0x24 CMakeFiles/main.dir/C_/VSARM/sdk/pico/pico-sdk/src/rp2_common/hardware_irq/irq.c.obj
                0x10000b10                irq_has_shared_handler
 .text.irq_set_exclusive_handler
                0x10000b34       0x54 CMakeFiles/main.dir/C_/VSARM/sdk/pico/pico-sdk/src/rp2_common/hardware_irq/irq.c.obj
                0x10000b34                irq_set_exclusive_handler
 .text.irq_add_shared_handler
                0x10000b88      0x230 CMakeFiles/main.dir/C_/VSARM/sdk/pico/pico-sdk/src/rp2_common/hardware_irq/irq.c.obj
                0x10000b88                irq_add_shared_handler
 .text.irq_remove_handler
                0x10000db8      0x1a8 CMakeFiles/main.dir/C_/VSARM/sdk/pico/pico-sdk/src/rp2_common/hardware_irq/irq.c.obj
                0x10000db8                irq_remove_handler
 .text.irq_add_tail_to_free_list
                0x10000f60       0xf0 CMakeFiles/main.dir/C_/VSARM/sdk/pico/pico-sdk/src/rp2_common/hardware_irq/irq.c.obj
                0x10000f60                irq_add_tail_to_free_list
 .text.irq_init_priorities
                0x10001050       0x1c CMakeFiles/main.dir/C_/VSARM/sdk/pico/pico-sdk/src/rp2_common/hardware_irq/irq.c.obj
                0x10001050                irq_init_priorities
 .text.user_irq_claim_unused
                0x1000106c       0x30 CMakeFiles/main.dir/C_/VSARM/sdk/pico/pico-sdk/src/rp2_common/hardware_irq/irq.c.obj
                0x1000106c                user_irq_claim_unused
 .text.lock_init
                0x1000109c       0x10 CMakeFiles/main.dir/C_/VSARM/sdk/pico/pico-sdk/src/common/pico_sync/lock_core.c.obj
                0x1000109c                lock_init
 .text.alarm_pool_post_alloc_init
                0x100010ac       0x40 CMakeFiles/main.dir/C_/VSARM/sdk/pico/pico-sdk/src/common/pico_time/time.c.obj
 .text.sleep_until_callback
                0x100010ec       0x30 CMakeFiles/main.dir/C_/VSARM/sdk/pico/pico-sdk/src/common/pico_time/time.c.obj
 .text.timer_pool_entry_comparator
                0x1000111c       0x7c CMakeFiles/main.dir/C_/VSARM/sdk/pico/pico-sdk/src/common/pico_time/time.c.obj
                0x1000111c                timer_pool_entry_comparator
 .text.ph_add_child_node
                0x10001198       0xa4 CMakeFiles/main.dir/C_/VSARM/sdk/pico/pico-sdk/src/common/pico_time/time.c.obj
 .text.ph_merge_nodes
                0x1000123c       0x3e CMakeFiles/main.dir/C_/VSARM/sdk/pico/pico-sdk/src/common/pico_time/time.c.obj
 *fill*         0x1000127a        0x2 
 .text.add_alarm_under_lock
                0x1000127c      0x174 CMakeFiles/main.dir/C_/VSARM/sdk/pico/pico-sdk/src/common/pico_time/time.c.obj
 .text.alarm_pool_alarm_callback
                0x100013f0      0x328 CMakeFiles/main.dir/C_/VSARM/sdk/pico/pico-sdk/src/common/pico_time/time.c.obj
 .text.alarm_pool_init_default
                0x10001718       0x38 CMakeFiles/main.dir/C_/VSARM/sdk/pico/pico-sdk/src/common/pico_time/time.c.obj
                0x10001718                alarm_pool_init_default
 .text.alarm_pool_get_default
                0x10001750       0x2c CMakeFiles/main.dir/C_/VSARM/sdk/pico/pico-sdk/src/common/pico_time/time.c.obj
                0x10001750                alarm_pool_get_default
 .text.alarm_pool_add_alarm_at
                0x1000177c      0x170 CMakeFiles/main.dir/C_/VSARM/sdk/pico/pico-sdk/src/common/pico_time/time.c.obj
                0x1000177c                alarm_pool_add_alarm_at
 .text.alarm_pool_cancel_alarm
                0x100018ec       0xf0 CMakeFiles/main.dir/C_/VSARM/sdk/pico/pico-sdk/src/common/pico_time/time.c.obj
                0x100018ec                alarm_pool_cancel_alarm
 .text.sleep_until
                0x100019dc       0xfc CMakeFiles/main.dir/C_/VSARM/sdk/pico/pico-sdk/src/common/pico_time/time.c.obj
                0x100019dc                sleep_until
 .text.sleep_us
                0x10001ad8       0x58 CMakeFiles/main.dir/C_/VSARM/sdk/pico/pico-sdk/src/common/pico_time/time.c.obj
                0x10001ad8                sleep_us
 .text.sleep_ms
                0x10001b30       0x14 CMakeFiles/main.dir/C_/VSARM/sdk/pico/pico-sdk/src/common/pico_time/time.c.obj
                0x10001b30                sleep_ms
 .text.best_effort_wfe_or_timeout
                0x10001b44       0x80 CMakeFiles/main.dir/C_/VSARM/sdk/pico/pico-sdk/src/common/pico_time/time.c.obj
                0x10001b44                best_effort_wfe_or_timeout
 .text.hardware_alarm_irq_handler
                0x10001bc4       0x8c CMakeFiles/main.dir/C_/VSARM/sdk/pico/pico-sdk/src/rp2_common/hardware_timer/timer.c.obj
 .text.hardware_alarm_claim
                0x10001c50       0x18 CMakeFiles/main.dir/C_/VSARM/sdk/pico/pico-sdk/src/rp2_common/hardware_timer/timer.c.obj
                0x10001c50                hardware_alarm_claim
 .text.time_us_64
                0x10001c68       0x18 CMakeFiles/main.dir/C_/VSARM/sdk/pico/pico-sdk/src/rp2_common/hardware_timer/timer.c.obj
                0x10001c68                time_us_64
 .text.busy_wait_until
                0x10001c80       0x28 CMakeFiles/main.dir/C_/VSARM/sdk/pico/pico-sdk/src/rp2_common/hardware_timer/timer.c.obj
                0x10001c80                busy_wait_until
 .text.hardware_alarm_set_callback
                0x10001ca8       0x90 CMakeFiles/main.dir/C_/VSARM/sdk/pico/pico-sdk/src/rp2_common/hardware_timer/timer.c.obj
                0x10001ca8                hardware_alarm_set_callback
 .text.hardware_alarm_set_target
                0x10001d38       0xe8 CMakeFiles/main.dir/C_/VSARM/sdk/pico/pico-sdk/src/rp2_common/hardware_timer/timer.c.obj
                0x10001d38                hardware_alarm_set_target
 .text.hardware_alarm_cancel
                0x10001e20       0x40 CMakeFiles/main.dir/C_/VSARM/sdk/pico/pico-sdk/src/rp2_common/hardware_timer/timer.c.obj
                0x10001e20                hardware_alarm_cancel
 .text.ph_add_child_node
                0x10001e60       0xa4 CMakeFiles/main.dir/C_/VSARM/sdk/pico/pico-sdk/src/common/pico_util/pheap.c.obj
 .text.ph_merge_nodes
                0x10001f04       0x3e CMakeFiles/main.dir/C_/VSARM/sdk/pico/pico-sdk/src/common/pico_util/pheap.c.obj
 *fill*         0x10001f42        0x2 
 .text.ph_clear
                0x10001f44       0x70 CMakeFiles/main.dir/C_/VSARM/sdk/pico/pico-sdk/src/common/pico_util/pheap.c.obj
                0x10001f44                ph_clear
 .text.ph_post_alloc_init
                0x10001fb4        0xe CMakeFiles/main.dir/C_/VSARM/sdk/pico/pico-sdk/src/common/pico_util/pheap.c.obj
                0x10001fb4                ph_post_alloc_init
 *fill*         0x10001fc2        0x2 
 .text.ph_merge_two_pass
                0x10001fc4       0xa8 CMakeFiles/main.dir/C_/VSARM/sdk/pico/pico-sdk/src/common/pico_util/pheap.c.obj
                0x10001fc4                ph_merge_two_pass
 .text.ph_remove_any_head
                0x1000206c      0x108 CMakeFiles/main.dir/C_/VSARM/sdk/pico/pico-sdk/src/common/pico_util/pheap.c.obj
 .text.ph_remove_head
                0x10002174       0x14 CMakeFiles/main.dir/C_/VSARM/sdk/pico/pico-sdk/src/common/pico_util/pheap.c.obj
                0x10002174                ph_remove_head
 .text.ph_remove_and_free_node
                0x10002188       0xf8 CMakeFiles/main.dir/C_/VSARM/sdk/pico/pico-sdk/src/common/pico_util/pheap.c.obj
                0x10002188                ph_remove_and_free_node
 .text.mutex_init
                0x10002280       0x1a CMakeFiles/main.dir/C_/VSARM/sdk/pico/pico-sdk/src/common/pico_sync/mutex.c.obj
                0x10002280                mutex_init
 .text.recursive_mutex_init
                0x1000229a       0x1e CMakeFiles/main.dir/C_/VSARM/sdk/pico/pico-sdk/src/common/pico_sync/mutex.c.obj
                0x1000229a                recursive_mutex_init
 .text.critical_section_init_with_lock_num
                0x100022b8       0x14 CMakeFiles/main.dir/C_/VSARM/sdk/pico/pico-sdk/src/common/pico_sync/critical_section.c.obj
                0x100022b8                critical_section_init_with_lock_num
 .text.critical_section_init
                0x100022cc       0x14 CMakeFiles/main.dir/C_/VSARM/sdk/pico/pico-sdk/src/common/pico_sync/critical_section.c.obj
                0x100022cc                critical_section_init
 .text._exit    0x100022e0        0x4 CMakeFiles/main.dir/C_/VSARM/sdk/pico/pico-sdk/src/rp2_common/pico_runtime/runtime.c.obj
                0x100022e0                _exit
 .text._sbrk    0x100022e4       0x38 CMakeFiles/main.dir/C_/VSARM/sdk/pico/pico-sdk/src/rp2_common/pico_runtime/runtime.c.obj
                0x100022e4                _sbrk
 .text.exit     0x1000231c        0x6 CMakeFiles/main.dir/C_/VSARM/sdk/pico/pico-sdk/src/rp2_common/pico_runtime/runtime.c.obj
                0x1000231c                exit
 *fill*         0x10002322        0x2 
 .text.__assert_func
                0x10002324       0x3c CMakeFiles/main.dir/C_/VSARM/sdk/pico/pico-sdk/src/rp2_common/pico_runtime/runtime.c.obj
                0x10002324                __assert_func
 .text.runtime_init
                0x10002360       0xf8 CMakeFiles/main.dir/C_/VSARM/sdk/pico/pico-sdk/src/rp2_common/pico_runtime/runtime.c.obj
                0x10002360                runtime_init
 .text.panic    0x10002458       0x30 CMakeFiles/main.dir/C_/VSARM/sdk/pico/pico-sdk/src/rp2_common/pico_runtime/runtime.c.obj
                0x10002458                panic
 .text.clock_configure
                0x10002488      0x104 CMakeFiles/main.dir/C_/VSARM/sdk/pico/pico-sdk/src/rp2_common/hardware_clocks/clocks.c.obj
                0x10002488                clock_configure
 .text.clocks_init
                0x1000258c      0x100 CMakeFiles/main.dir/C_/VSARM/sdk/pico/pico-sdk/src/rp2_common/hardware_clocks/clocks.c.obj
                0x1000258c                clocks_init
 .text.clock_get_hz
                0x1000268c        0xc CMakeFiles/main.dir/C_/VSARM/sdk/pico/pico-sdk/src/rp2_common/hardware_clocks/clocks.c.obj
                0x1000268c                clock_get_hz
 .text.pll_init
                0x10002698      0x140 CMakeFiles/main.dir/C_/VSARM/sdk/pico/pico-sdk/src/rp2_common/hardware_pll/pll.c.obj
                0x10002698                pll_init
 .text.watchdog_start_tick
                0x100027d8       0x10 CMakeFiles/main.dir/C_/VSARM/sdk/pico/pico-sdk/src/rp2_common/hardware_watchdog/watchdog.c.obj
                0x100027d8                watchdog_start_tick
 .text.watchdog_update
                0x100027e8       0x14 CMakeFiles/main.dir/C_/VSARM/sdk/pico/pico-sdk/src/rp2_common/hardware_watchdog/watchdog.c.obj
                0x100027e8                watchdog_update
 .text._watchdog_enable
                0x100027fc       0x78 CMakeFiles/main.dir/C_/VSARM/sdk/pico/pico-sdk/src/rp2_common/hardware_watchdog/watchdog.c.obj
                0x100027fc                _watchdog_enable
 .text.watchdog_reboot
                0x10002874       0x48 CMakeFiles/main.dir/C_/VSARM/sdk/pico/pico-sdk/src/rp2_common/hardware_watchdog/watchdog.c.obj
                0x10002874                watchdog_reboot
 .text.xosc_init
                0x100028bc       0x28 CMakeFiles/main.dir/C_/VSARM/sdk/pico/pico-sdk/src/rp2_common/hardware_xosc/xosc.c.obj
                0x100028bc                xosc_init
 .text._out_null
                0x100028e4        0x2 CMakeFiles/main.dir/C_/VSARM/sdk/pico/pico-sdk/src/rp2_common/pico_printf/printf.c.obj
 .text._out_fct
                0x100028e6        0xe CMakeFiles/main.dir/C_/VSARM/sdk/pico/pico-sdk/src/rp2_common/pico_printf/printf.c.obj
 .text._atoi    0x100028f4       0x24 CMakeFiles/main.dir/C_/VSARM/sdk/pico/pico-sdk/src/rp2_common/pico_printf/printf.c.obj
 .text._out_rev
                0x10002918       0xae CMakeFiles/main.dir/C_/VSARM/sdk/pico/pico-sdk/src/rp2_common/pico_printf/printf.c.obj
 .text._ntoa_format
                0x100029c6      0x112 CMakeFiles/main.dir/C_/VSARM/sdk/pico/pico-sdk/src/rp2_common/pico_printf/printf.c.obj
 .text._ntoa_long
                0x10002ad8       0xbc CMakeFiles/main.dir/C_/VSARM/sdk/pico/pico-sdk/src/rp2_common/pico_printf/printf.c.obj
 .text._ntoa_long_long
                0x10002b94       0xe2 CMakeFiles/main.dir/C_/VSARM/sdk/pico/pico-sdk/src/rp2_common/pico_printf/printf.c.obj
 *fill*         0x10002c76        0x2 
 .text._etoa    0x10002c78      0x414 CMakeFiles/main.dir/C_/VSARM/sdk/pico/pico-sdk/src/rp2_common/pico_printf/printf.c.obj
 .text._ftoa    0x1000308c      0x354 CMakeFiles/main.dir/C_/VSARM/sdk/pico/pico-sdk/src/rp2_common/pico_printf/printf.c.obj
 .text._vsnprintf
                0x100033e0      0x624 CMakeFiles/main.dir/C_/VSARM/sdk/pico/pico-sdk/src/rp2_common/pico_printf/printf.c.obj
 .text.vfctprintf
                0x10003a04       0x20 CMakeFiles/main.dir/C_/VSARM/sdk/pico/pico-sdk/src/rp2_common/pico_printf/printf.c.obj
                0x10003a04                vfctprintf
 .text          0x10003a24       0x10 CMakeFiles/main.dir/C_/VSARM/sdk/pico/pico-sdk/src/rp2_common/pico_bit_ops/bit_ops_aeabi.S.obj
 .text.rom_func_lookup
                0x10003a34       0x10 CMakeFiles/main.dir/C_/VSARM/sdk/pico/pico-sdk/src/rp2_common/pico_bootrom/bootrom.c.obj
                0x10003a34                rom_func_lookup
 .text.rom_data_lookup
                0x10003a44       0x10 CMakeFiles/main.dir/C_/VSARM/sdk/pico/pico-sdk/src/rp2_common/pico_bootrom/bootrom.c.obj
                0x10003a44                rom_data_lookup
 .text.rom_funcs_lookup
                0x10003a54       0x36 CMakeFiles/main.dir/C_/VSARM/sdk/pico/pico-sdk/src/rp2_common/pico_bootrom/bootrom.c.obj
                0x10003a54                rom_funcs_lookup
 *fill*         0x10003a8a        0x2 
 .text.__wrap___aeabi_idiv
                0x10003a8c       0x50 CMakeFiles/main.dir/C_/VSARM/sdk/pico/pico-sdk/src/rp2_common/pico_divider/divider.S.obj
                0x10003a8c                __wrap___aeabi_idivmod
                0x10003a8c                divmod_s32s32
                0x10003a8c                div_s32s32
                0x10003a8c                __wrap___aeabi_idiv
                0x10003a94                divmod_s32s32_unsafe
                0x10003ac0                divmod_s32s32_savestate
 .text.__wrap___aeabi_uidiv
                0x10003adc       0x4c CMakeFiles/main.dir/C_/VSARM/sdk/pico/pico-sdk/src/rp2_common/pico_divider/divider.S.obj
                0x10003adc                __wrap___aeabi_uidiv
                0x10003adc                __wrap___aeabi_uidivmod
                0x10003adc                div_u32u32
                0x10003adc                divmod_u32u32
                0x10003ae4                divmod_u32u32_unsafe
                0x10003b0c                divmod_u32u32_savestate
 .text.__wrap___aeabi_ldiv
                0x10003b28      0x434 CMakeFiles/main.dir/C_/VSARM/sdk/pico/pico-sdk/src/rp2_common/pico_divider/divider.S.obj
                0x10003b28                div_s64s64
                0x10003b28                divmod_s64s64
                0x10003b28                __wrap___aeabi_ldivmod
                0x10003b60                divmod_u64u64
                0x10003b60                div_u64u64
                0x10003b60                __wrap___aeabi_uldivmod
                0x10003b70                divmod_u64u64_savestate
                0x10003b98                divmod_s64s64_unsafe
                0x10003c20                divmod_u64u64_unsafe
 .text.__wrap___aeabi_darithmetic
                0x10003f5c       0x80 CMakeFiles/main.dir/C_/VSARM/sdk/pico/pico-sdk/src/rp2_common/pico_double/double_aeabi.S.obj
                0x10003f5c                __wrap___aeabi_drsub
                0x10003f62                __wrap___aeabi_dsub
                0x10003f74                __wrap___aeabi_dadd
                0x10003f86                __wrap___aeabi_ddiv
                0x10003fc2                __wrap___aeabi_dmul
 .text.__wrap___aeabi_cdcmple
                0x10003fdc       0x6c CMakeFiles/main.dir/C_/VSARM/sdk/pico/pico-sdk/src/rp2_common/pico_double/double_aeabi.S.obj
                0x10003fdc                __wrap___aeabi_cdrcmple
                0x10003fec                __wrap___aeabi_cdcmpeq
                0x10003fec                __wrap___aeabi_cdcmple
 .text.__wrap___aeabi_dcmplt
                0x10004048        0xc CMakeFiles/main.dir/C_/VSARM/sdk/pico/pico-sdk/src/rp2_common/pico_double/double_aeabi.S.obj
                0x10004048                __wrap___aeabi_dcmplt
 .text.__wrap___aeabi_dcmple
                0x10004054       0x10 CMakeFiles/main.dir/C_/VSARM/sdk/pico/pico-sdk/src/rp2_common/pico_double/double_aeabi.S.obj
                0x10004054                __wrap___aeabi_dcmple
 .text.__wrap___aeabi_dcmpge
                0x10004064       0x10 CMakeFiles/main.dir/C_/VSARM/sdk/pico/pico-sdk/src/rp2_common/pico_double/double_aeabi.S.obj
                0x10004064                __wrap___aeabi_dcmpge
 .text.__wrap___aeabi_dcmpgt
                0x10004074        0xa CMakeFiles/main.dir/C_/VSARM/sdk/pico/pico-sdk/src/rp2_common/pico_double/double_aeabi.S.obj
                0x10004074                __wrap___aeabi_dcmpgt
 .text.__wrap___aeabi_dcmpun
                0x1000407e       0x1c CMakeFiles/main.dir/C_/VSARM/sdk/pico/pico-sdk/src/rp2_common/pico_double/double_aeabi.S.obj
                0x1000407e                __wrap___aeabi_dcmpun
 *fill*         0x1000409a        0x2 
 .text.__wrap___aeabi_i2d
                0x1000409c       0x38 CMakeFiles/main.dir/C_/VSARM/sdk/pico/pico-sdk/src/rp2_common/pico_double/double_aeabi.S.obj
                0x1000409c                __wrap___aeabi_ui2d
                0x100040a4                __wrap___aeabi_i2d
 .text.__wrap___aeabi_d2iz
                0x100040d4       0x48 CMakeFiles/main.dir/C_/VSARM/sdk/pico/pico-sdk/src/rp2_common/pico_double/double_aeabi.S.obj
                0x100040d4                double2int_z
                0x100040d4                __wrap___aeabi_d2iz
 .text.__wrap___aeabi_d2uiz
                0x1000411c       0x18 CMakeFiles/main.dir/C_/VSARM/sdk/pico/pico-sdk/src/rp2_common/pico_double/double_aeabi.S.obj
                0x1000411c                __wrap___aeabi_d2uiz
                0x1000411c                double2uint
 .text.__aeabi_double_init
                0x10004134       0xc8 CMakeFiles/main.dir/C_/VSARM/sdk/pico/pico-sdk/src/rp2_common/pico_double/double_init_rom.c.obj
                0x10004134                __aeabi_double_init
 .text.double_table_shim_on_use_helper
                0x100041fc       0x34 CMakeFiles/main.dir/C_/VSARM/sdk/pico/pico-sdk/src/rp2_common/pico_double/double_v1_rom_shim.S.obj
                0x100041fc                double_table_shim_on_use_helper
 .text.__wrap___aeabi_dsub
                0x10004230       0x10 CMakeFiles/main.dir/C_/VSARM/sdk/pico/pico-sdk/src/rp2_common/pico_double/double_v1_rom_shim.S.obj
                0x10004230                drsub_shim
                0x10004236                dsub_shim
 .text.dadd_shim
                0x10004240      0x15c CMakeFiles/main.dir/C_/VSARM/sdk/pico/pico-sdk/src/rp2_common/pico_double/double_v1_rom_shim.S.obj
                0x10004240                dadd_shim
 .text.dmul_shim
                0x1000439c      0x15c CMakeFiles/main.dir/C_/VSARM/sdk/pico/pico-sdk/src/rp2_common/pico_double/double_v1_rom_shim.S.obj
                0x1000439c                dmul_shim
 .text.ddiv_shim
                0x100044f8      0x1b0 CMakeFiles/main.dir/C_/VSARM/sdk/pico/pico-sdk/src/rp2_common/pico_double/double_v1_rom_shim.S.obj
                0x100044f8                ddiv_shim
 .text.double2uint_shim
                0x100046a8        0xe CMakeFiles/main.dir/C_/VSARM/sdk/pico/pico-sdk/src/rp2_common/pico_double/double_v1_rom_shim.S.obj
                0x100046a8                double2uint_shim
                0x100046aa                double2ufix_shim
 *fill*         0x100046b6        0x2 
 .text.double2uint64_shim
                0x100046b8       0x70 CMakeFiles/main.dir/C_/VSARM/sdk/pico/pico-sdk/src/rp2_common/pico_double/double_v1_rom_shim.S.obj
                0x100046b8                double2uint64_shim
                0x100046ba                double2ufix64_shim
                0x100046da                d2fix_a
 .text.dunpacks
                0x10004728       0x3c CMakeFiles/main.dir/C_/VSARM/sdk/pico/pico-sdk/src/rp2_common/pico_double/double_v1_rom_shim.S.obj
                0x10004728                dunpacks
 .text.__aeabi_lmul
                0x10004764       0x32 CMakeFiles/main.dir/C_/VSARM/sdk/pico/pico-sdk/src/rp2_common/pico_int64_ops/pico_int64_ops_aeabi.S.obj
                0x10004764                __wrap___aeabi_lmul
 *fill*         0x10004796        0x2 
 .text.__aeabi_float_init
                0x10004798       0xfc CMakeFiles/main.dir/C_/VSARM/sdk/pico/pico-sdk/src/rp2_common/pico_float/float_init_rom.c.obj
                0x10004798                __aeabi_float_init
 .text.float_table_shim_on_use_helper
                0x10004894       0x34 CMakeFiles/main.dir/C_/VSARM/sdk/pico/pico-sdk/src/rp2_common/pico_float/float_v1_rom_shim.S.obj
                0x10004894                float_table_shim_on_use_helper
 .text.__wrap_malloc
                0x100048c8       0x24 CMakeFiles/main.dir/C_/VSARM/sdk/pico/pico-sdk/src/rp2_common/pico_malloc/pico_malloc.c.obj
                0x100048c8                __wrap_malloc
 .text.__wrap_free
                0x100048ec        0x8 CMakeFiles/main.dir/C_/VSARM/sdk/pico/pico-sdk/src/rp2_common/pico_malloc/pico_malloc.c.obj
                0x100048ec                __wrap_free
 .text          0x100048f4       0x10 CMakeFiles/main.dir/C_/VSARM/sdk/pico/pico-sdk/src/rp2_common/pico_mem_ops/mem_ops_aeabi.S.obj
                0x100048f4                __aeabi_mem_init
 .text.memset   0x10004904        0xc CMakeFiles/main.dir/C_/VSARM/sdk/pico/pico-sdk/src/rp2_common/pico_mem_ops/mem_ops_aeabi.S.obj
                0x10004904                __wrap_memset
 .text.memcpy   0x10004910        0xc CMakeFiles/main.dir/C_/VSARM/sdk/pico/pico-sdk/src/rp2_common/pico_mem_ops/mem_ops_aeabi.S.obj
                0x10004910                __wrap_memcpy
                0x10004910                __wrap___aeabi_memcpy
 .text.stdio_out_chars_no_crlf
                0x1000491c        0xe CMakeFiles/main.dir/C_/VSARM/sdk/pico/pico-sdk/src/rp2_common/pico_stdio/stdio.c.obj
 *fill*         0x1000492a        0x2 
 .text.stdio_out_chars_crlf
                0x1000492c       0x80 CMakeFiles/main.dir/C_/VSARM/sdk/pico/pico-sdk/src/rp2_common/pico_stdio/stdio.c.obj
 .text.stdio_stack_buffer_flush
                0x100049ac       0x44 CMakeFiles/main.dir/C_/VSARM/sdk/pico/pico-sdk/src/rp2_common/pico_stdio/stdio.c.obj
 .text.stdio_buffered_printer
                0x100049f0       0x20 CMakeFiles/main.dir/C_/VSARM/sdk/pico/pico-sdk/src/rp2_common/pico_stdio/stdio.c.obj
 .text.stdout_serialize_begin
                0x10004a10       0x30 CMakeFiles/main.dir/C_/VSARM/sdk/pico/pico-sdk/src/rp2_common/pico_stdio/stdio.c.obj
                0x10004a10                stdout_serialize_begin
 .text.stdout_serialize_end
                0x10004a40       0x10 CMakeFiles/main.dir/C_/VSARM/sdk/pico/pico-sdk/src/rp2_common/pico_stdio/stdio.c.obj
                0x10004a40                stdout_serialize_end
 .text.stdio_put_string
                0x10004a50       0x98 CMakeFiles/main.dir/C_/VSARM/sdk/pico/pico-sdk/src/rp2_common/pico_stdio/stdio.c.obj
 .text.stdio_set_driver_enabled
                0x10004ae8       0x2c CMakeFiles/main.dir/C_/VSARM/sdk/pico/pico-sdk/src/rp2_common/pico_stdio/stdio.c.obj
                0x10004ae8                stdio_set_driver_enabled
 .text.stdio_flush
                0x10004b14       0x20 CMakeFiles/main.dir/C_/VSARM/sdk/pico/pico-sdk/src/rp2_common/pico_stdio/stdio.c.obj
                0x10004b14                stdio_flush
 .text.__wrap_puts
                0x10004b34       0x1e CMakeFiles/main.dir/C_/VSARM/sdk/pico/pico-sdk/src/rp2_common/pico_stdio/stdio.c.obj
                0x10004b34                __wrap_puts
 *fill*         0x10004b52        0x2 
 .text.__wrap_vprintf
                0x10004b54       0x44 CMakeFiles/main.dir/C_/VSARM/sdk/pico/pico-sdk/src/rp2_common/pico_stdio/stdio.c.obj
                0x10004b54                __wrap_vprintf
 .text.__wrap_printf
                0x10004b98       0x18 CMakeFiles/main.dir/C_/VSARM/sdk/pico/pico-sdk/src/rp2_common/pico_stdio/stdio.c.obj
                0x10004b98                __wrap_printf
 .text.stdio_init_all
                0x10004bb0        0x8 CMakeFiles/main.dir/C_/VSARM/sdk/pico/pico-sdk/src/rp2_common/pico_stdio/stdio.c.obj
                0x10004bb0                stdio_init_all
 .text.resetd_init
                0x10004bb8        0x2 CMakeFiles/main.dir/C_/VSARM/sdk/pico/pico-sdk/src/rp2_common/pico_stdio_usb/reset_interface.c.obj
 *fill*         0x10004bba        0x2 
 .text.resetd_reset
                0x10004bbc        0xc CMakeFiles/main.dir/C_/VSARM/sdk/pico/pico-sdk/src/rp2_common/pico_stdio_usb/reset_interface.c.obj
 .text.resetd_open
                0x10004bc8       0x34 CMakeFiles/main.dir/C_/VSARM/sdk/pico/pico-sdk/src/rp2_common/pico_stdio_usb/reset_interface.c.obj
 .text.resetd_xfer_cb
                0x10004bfc        0x4 CMakeFiles/main.dir/C_/VSARM/sdk/pico/pico-sdk/src/rp2_common/pico_stdio_usb/reset_interface.c.obj
 .text.reset_usb_boot
                0x10004c00       0x18 CMakeFiles/main.dir/C_/VSARM/sdk/pico/pico-sdk/src/rp2_common/pico_stdio_usb/reset_interface.c.obj
 .text.resetd_control_xfer_cb
                0x10004c18       0x5c CMakeFiles/main.dir/C_/VSARM/sdk/pico/pico-sdk/src/rp2_common/pico_stdio_usb/reset_interface.c.obj
 .text.usbd_app_driver_get_cb
                0x10004c74        0xc CMakeFiles/main.dir/C_/VSARM/sdk/pico/pico-sdk/src/rp2_common/pico_stdio_usb/reset_interface.c.obj
                0x10004c74                usbd_app_driver_get_cb
 .text.tud_cdc_line_coding_cb
                0x10004c80       0x28 CMakeFiles/main.dir/C_/VSARM/sdk/pico/pico-sdk/src/rp2_common/pico_stdio_usb/reset_interface.c.obj
                0x10004c80                tud_cdc_line_coding_cb
 .text.stdio_usb_in_chars
                0x10004ca8       0x70 CMakeFiles/main.dir/C_/VSARM/sdk/pico/pico-sdk/src/rp2_common/pico_stdio_usb/stdio_usb.c.obj
                0x10004ca8                stdio_usb_in_chars
 .text.low_priority_worker_irq
                0x10004d18       0x20 CMakeFiles/main.dir/C_/VSARM/sdk/pico/pico-sdk/src/rp2_common/pico_stdio_usb/stdio_usb.c.obj
 .text.stdio_usb_out_chars
                0x10004d38       0xd4 CMakeFiles/main.dir/C_/VSARM/sdk/pico/pico-sdk/src/rp2_common/pico_stdio_usb/stdio_usb.c.obj
 .text.timer_task
                0x10004e0c       0x40 CMakeFiles/main.dir/C_/VSARM/sdk/pico/pico-sdk/src/rp2_common/pico_stdio_usb/stdio_usb.c.obj
 .text.usb_irq  0x10004e4c       0x10 CMakeFiles/main.dir/C_/VSARM/sdk/pico/pico-sdk/src/rp2_common/pico_stdio_usb/stdio_usb.c.obj
 .text.stdio_usb_init
                0x10004e5c       0xec CMakeFiles/main.dir/C_/VSARM/sdk/pico/pico-sdk/src/rp2_common/pico_stdio_usb/stdio_usb.c.obj
                0x10004e5c                stdio_usb_init
 .text.tud_descriptor_device_cb
                0x10004f48        0x8 CMakeFiles/main.dir/C_/VSARM/sdk/pico/pico-sdk/src/rp2_common/pico_stdio_usb/stdio_usb_descriptors.c.obj
                0x10004f48                tud_descriptor_device_cb
 .text.tud_descriptor_configuration_cb
                0x10004f50        0x8 CMakeFiles/main.dir/C_/VSARM/sdk/pico/pico-sdk/src/rp2_common/pico_stdio_usb/stdio_usb_descriptors.c.obj
                0x10004f50                tud_descriptor_configuration_cb
 .text.tud_descriptor_string_cb
                0x10004f58       0x6c CMakeFiles/main.dir/C_/VSARM/sdk/pico/pico-sdk/src/rp2_common/pico_stdio_usb/stdio_usb_descriptors.c.obj
                0x10004f58                tud_descriptor_string_cb
 .text.hw_endpoint_get_by_addr
                0x10004fc4       0x18 CMakeFiles/main.dir/C_/VSARM/sdk/pico/pico-sdk/lib/tinyusb/src/portable/raspberrypi/rp2040/dcd_rp2040.c.obj
 .text.reset_ep0_pid
                0x10004fdc       0x28 CMakeFiles/main.dir/C_/VSARM/sdk/pico/pico-sdk/lib/tinyusb/src/portable/raspberrypi/rp2040/dcd_rp2040.c.obj
 .text._hw_endpoint_alloc
                0x10005004       0x70 CMakeFiles/main.dir/C_/VSARM/sdk/pico/pico-sdk/lib/tinyusb/src/portable/raspberrypi/rp2040/dcd_rp2040.c.obj
 .text.hw_endpoint_init
                0x10005074       0x88 CMakeFiles/main.dir/C_/VSARM/sdk/pico/pico-sdk/lib/tinyusb/src/portable/raspberrypi/rp2040/dcd_rp2040.c.obj
 .text.reset_non_control_endpoints
                0x100050fc       0x40 CMakeFiles/main.dir/C_/VSARM/sdk/pico/pico-sdk/lib/tinyusb/src/portable/raspberrypi/rp2040/dcd_rp2040.c.obj
 .text.hw_handle_buff_status
                0x1000513c       0x8c CMakeFiles/main.dir/C_/VSARM/sdk/pico/pico-sdk/lib/tinyusb/src/portable/raspberrypi/rp2040/dcd_rp2040.c.obj
 .text.dcd_rp2040_irq
                0x100051c8       0xc0 CMakeFiles/main.dir/C_/VSARM/sdk/pico/pico-sdk/lib/tinyusb/src/portable/raspberrypi/rp2040/dcd_rp2040.c.obj
 .text.hw_endpoint_xfer
                0x10005288       0x14 CMakeFiles/main.dir/C_/VSARM/sdk/pico/pico-sdk/lib/tinyusb/src/portable/raspberrypi/rp2040/dcd_rp2040.c.obj
 .text.dcd_int_enable
                0x1000529c       0x2c CMakeFiles/main.dir/C_/VSARM/sdk/pico/pico-sdk/lib/tinyusb/src/portable/raspberrypi/rp2040/dcd_rp2040.c.obj
                0x1000529c                dcd_int_enable
 .text.dcd_set_address
                0x100052c8       0x2c CMakeFiles/main.dir/C_/VSARM/sdk/pico/pico-sdk/lib/tinyusb/src/portable/raspberrypi/rp2040/dcd_rp2040.c.obj
                0x100052c8                dcd_set_address
 .text.dcd_connect
                0x100052f4       0x10 CMakeFiles/main.dir/C_/VSARM/sdk/pico/pico-sdk/lib/tinyusb/src/portable/raspberrypi/rp2040/dcd_rp2040.c.obj
                0x100052f4                dcd_connect
 .text.dcd_init
                0x10005304       0x7c CMakeFiles/main.dir/C_/VSARM/sdk/pico/pico-sdk/lib/tinyusb/src/portable/raspberrypi/rp2040/dcd_rp2040.c.obj
                0x10005304                dcd_init
 .text.dcd_edpt0_status_complete
                0x10005380       0x1c CMakeFiles/main.dir/C_/VSARM/sdk/pico/pico-sdk/lib/tinyusb/src/portable/raspberrypi/rp2040/dcd_rp2040.c.obj
                0x10005380                dcd_edpt0_status_complete
 .text.dcd_edpt_open
                0x1000539c       0x40 CMakeFiles/main.dir/C_/VSARM/sdk/pico/pico-sdk/lib/tinyusb/src/portable/raspberrypi/rp2040/dcd_rp2040.c.obj
                0x1000539c                dcd_edpt_open
 .text.dcd_edpt_close_all
                0x100053dc        0x8 CMakeFiles/main.dir/C_/VSARM/sdk/pico/pico-sdk/lib/tinyusb/src/portable/raspberrypi/rp2040/dcd_rp2040.c.obj
                0x100053dc                dcd_edpt_close_all
 .text.dcd_edpt_xfer
                0x100053e4       0x30 CMakeFiles/main.dir/C_/VSARM/sdk/pico/pico-sdk/lib/tinyusb/src/portable/raspberrypi/rp2040/dcd_rp2040.c.obj
                0x100053e4                dcd_edpt_xfer
 .text.dcd_edpt_stall
                0x10005414       0x2c CMakeFiles/main.dir/C_/VSARM/sdk/pico/pico-sdk/lib/tinyusb/src/portable/raspberrypi/rp2040/dcd_rp2040.c.obj
                0x10005414                dcd_edpt_stall
 .text.dcd_edpt_clear_stall
                0x10005440       0x20 CMakeFiles/main.dir/C_/VSARM/sdk/pico/pico-sdk/lib/tinyusb/src/portable/raspberrypi/rp2040/dcd_rp2040.c.obj
                0x10005440                dcd_edpt_clear_stall
 .text.prepare_ep_buffer
                0x10005460       0x70 CMakeFiles/main.dir/C_/VSARM/sdk/pico/pico-sdk/lib/tinyusb/src/portable/raspberrypi/rp2040/rp2040_usb.c.obj
 .text.sync_ep_buffer
                0x100054d0       0x7c CMakeFiles/main.dir/C_/VSARM/sdk/pico/pico-sdk/lib/tinyusb/src/portable/raspberrypi/rp2040/rp2040_usb.c.obj
 .text._hw_endpoint_xfer_sync
                0x1000554c       0x28 CMakeFiles/main.dir/C_/VSARM/sdk/pico/pico-sdk/lib/tinyusb/src/portable/raspberrypi/rp2040/rp2040_usb.c.obj
 .text.rp2040_usb_init
                0x10005574       0x4c CMakeFiles/main.dir/C_/VSARM/sdk/pico/pico-sdk/lib/tinyusb/src/portable/raspberrypi/rp2040/rp2040_usb.c.obj
                0x10005574                rp2040_usb_init
 .text.hw_endpoint_reset_transfer
                0x100055c0        0xc CMakeFiles/main.dir/C_/VSARM/sdk/pico/pico-sdk/lib/tinyusb/src/portable/raspberrypi/rp2040/rp2040_usb.c.obj
                0x100055c0                hw_endpoint_reset_transfer
 .text._hw_endpoint_buffer_control_update32
                0x100055cc       0x58 CMakeFiles/main.dir/C_/VSARM/sdk/pico/pico-sdk/lib/tinyusb/src/portable/raspberrypi/rp2040/rp2040_usb.c.obj
                0x100055cc                _hw_endpoint_buffer_control_update32
 .text._hw_endpoint_start_next_buffer
                0x10005624       0x74 CMakeFiles/main.dir/C_/VSARM/sdk/pico/pico-sdk/lib/tinyusb/src/portable/raspberrypi/rp2040/rp2040_usb.c.obj
 .text.hw_endpoint_xfer_start
                0x10005698       0x48 CMakeFiles/main.dir/C_/VSARM/sdk/pico/pico-sdk/lib/tinyusb/src/portable/raspberrypi/rp2040/rp2040_usb.c.obj
                0x10005698                hw_endpoint_xfer_start
 .text.hw_endpoint_xfer_continue
                0x100056e0       0x38 CMakeFiles/main.dir/C_/VSARM/sdk/pico/pico-sdk/lib/tinyusb/src/portable/raspberrypi/rp2040/rp2040_usb.c.obj
                0x100056e0                hw_endpoint_xfer_continue
 .text.configuration_reset
                0x10005718       0x84 CMakeFiles/main.dir/C_/VSARM/sdk/pico/pico-sdk/lib/tinyusb/src/device/usbd.c.obj
 .text.usbd_reset
                0x1000579c        0xc CMakeFiles/main.dir/C_/VSARM/sdk/pico/pico-sdk/lib/tinyusb/src/device/usbd.c.obj
 .text.invoke_class_control
                0x100057a8       0x1a CMakeFiles/main.dir/C_/VSARM/sdk/pico/pico-sdk/lib/tinyusb/src/device/usbd.c.obj
 *fill*         0x100057c2        0x2 
 .text.process_set_config
                0x100057c4      0x1b0 CMakeFiles/main.dir/C_/VSARM/sdk/pico/pico-sdk/lib/tinyusb/src/device/usbd.c.obj
 .text.process_get_descriptor
                0x10005974       0xec CMakeFiles/main.dir/C_/VSARM/sdk/pico/pico-sdk/lib/tinyusb/src/device/usbd.c.obj
 .text.tud_mounted
                0x10005a60       0x10 CMakeFiles/main.dir/C_/VSARM/sdk/pico/pico-sdk/lib/tinyusb/src/device/usbd.c.obj
                0x10005a60                tud_mounted
 .text.tud_suspended
                0x10005a70       0x10 CMakeFiles/main.dir/C_/VSARM/sdk/pico/pico-sdk/lib/tinyusb/src/device/usbd.c.obj
                0x10005a70                tud_suspended
 .text.tud_inited
                0x10005a80        0xc CMakeFiles/main.dir/C_/VSARM/sdk/pico/pico-sdk/lib/tinyusb/src/device/usbd.c.obj
                0x10005a80                tud_inited
 .text.tud_init
                0x10005a8c       0xcc CMakeFiles/main.dir/C_/VSARM/sdk/pico/pico-sdk/lib/tinyusb/src/device/usbd.c.obj
                0x10005a8c                tud_init
 .text.dcd_event_handler
                0x10005b58      0x1e0 CMakeFiles/main.dir/C_/VSARM/sdk/pico/pico-sdk/lib/tinyusb/src/device/usbd.c.obj
                0x10005b58                dcd_event_handler
 .text.dcd_event_bus_signal
                0x10005d38       0x26 CMakeFiles/main.dir/C_/VSARM/sdk/pico/pico-sdk/lib/tinyusb/src/device/usbd.c.obj
                0x10005d38                dcd_event_bus_signal
 .text.dcd_event_bus_reset
                0x10005d5e       0x2a CMakeFiles/main.dir/C_/VSARM/sdk/pico/pico-sdk/lib/tinyusb/src/device/usbd.c.obj
                0x10005d5e                dcd_event_bus_reset
 .text.dcd_event_setup_received
                0x10005d88       0x34 CMakeFiles/main.dir/C_/VSARM/sdk/pico/pico-sdk/lib/tinyusb/src/device/usbd.c.obj
                0x10005d88                dcd_event_setup_received
 .text.dcd_event_xfer_complete
                0x10005dbc       0x44 CMakeFiles/main.dir/C_/VSARM/sdk/pico/pico-sdk/lib/tinyusb/src/device/usbd.c.obj
                0x10005dbc                dcd_event_xfer_complete
 .text.usbd_edpt_open
                0x10005e00       0x58 CMakeFiles/main.dir/C_/VSARM/sdk/pico/pico-sdk/lib/tinyusb/src/device/usbd.c.obj
                0x10005e00                usbd_edpt_open
 .text.usbd_open_edpt_pair
                0x10005e58       0x8c CMakeFiles/main.dir/C_/VSARM/sdk/pico/pico-sdk/lib/tinyusb/src/device/usbd.c.obj
                0x10005e58                usbd_open_edpt_pair
 .text.usbd_edpt_claim
                0x10005ee4       0x8c CMakeFiles/main.dir/C_/VSARM/sdk/pico/pico-sdk/lib/tinyusb/src/device/usbd.c.obj
                0x10005ee4                usbd_edpt_claim
 .text.usbd_edpt_release
                0x10005f70       0x68 CMakeFiles/main.dir/C_/VSARM/sdk/pico/pico-sdk/lib/tinyusb/src/device/usbd.c.obj
                0x10005f70                usbd_edpt_release
 .text.usbd_edpt_xfer
                0x10005fd8       0x80 CMakeFiles/main.dir/C_/VSARM/sdk/pico/pico-sdk/lib/tinyusb/src/device/usbd.c.obj
                0x10005fd8                usbd_edpt_xfer
 .text.usbd_edpt_stall
                0x10006058       0x40 CMakeFiles/main.dir/C_/VSARM/sdk/pico/pico-sdk/lib/tinyusb/src/device/usbd.c.obj
                0x10006058                usbd_edpt_stall
 .text.usbd_edpt_clear_stall
                0x10006098       0x40 CMakeFiles/main.dir/C_/VSARM/sdk/pico/pico-sdk/lib/tinyusb/src/device/usbd.c.obj
                0x10006098                usbd_edpt_clear_stall
 .text.usbd_edpt_stalled
                0x100060d8       0x1c CMakeFiles/main.dir/C_/VSARM/sdk/pico/pico-sdk/lib/tinyusb/src/device/usbd.c.obj
                0x100060d8                usbd_edpt_stalled
 .text.process_control_request
                0x100060f4      0x3b8 CMakeFiles/main.dir/C_/VSARM/sdk/pico/pico-sdk/lib/tinyusb/src/device/usbd.c.obj
 .text.tud_task
                0x100064ac      0x218 CMakeFiles/main.dir/C_/VSARM/sdk/pico/pico-sdk/lib/tinyusb/src/device/usbd.c.obj
                0x100064ac                tud_task
 .text._data_stage_xact
                0x100066c4       0x58 CMakeFiles/main.dir/C_/VSARM/sdk/pico/pico-sdk/lib/tinyusb/src/device/usbd_control.c.obj
 .text.tud_control_status
                0x1000671c       0x38 CMakeFiles/main.dir/C_/VSARM/sdk/pico/pico-sdk/lib/tinyusb/src/device/usbd_control.c.obj
                0x1000671c                tud_control_status
 .text.tud_control_xfer
                0x10006754       0xa8 CMakeFiles/main.dir/C_/VSARM/sdk/pico/pico-sdk/lib/tinyusb/src/device/usbd_control.c.obj
                0x10006754                tud_control_xfer
 .text.usbd_control_reset
                0x100067fc       0x14 CMakeFiles/main.dir/C_/VSARM/sdk/pico/pico-sdk/lib/tinyusb/src/device/usbd_control.c.obj
                0x100067fc                usbd_control_reset
 .text.usbd_control_set_complete_callback
                0x10006810        0xc CMakeFiles/main.dir/C_/VSARM/sdk/pico/pico-sdk/lib/tinyusb/src/device/usbd_control.c.obj
                0x10006810                usbd_control_set_complete_callback
 .text.usbd_control_set_request
                0x1000681c       0x1c CMakeFiles/main.dir/C_/VSARM/sdk/pico/pico-sdk/lib/tinyusb/src/device/usbd_control.c.obj
                0x1000681c                usbd_control_set_request
 .text.usbd_control_xfer_cb
                0x10006838       0xfc CMakeFiles/main.dir/C_/VSARM/sdk/pico/pico-sdk/lib/tinyusb/src/device/usbd_control.c.obj
                0x10006838                usbd_control_xfer_cb
 .text._prep_out_transaction
                0x10006934       0x46 CMakeFiles/main.dir/C_/VSARM/sdk/pico/pico-sdk/lib/tinyusb/src/class/cdc/cdc_device.c.obj
 *fill*         0x1000697a        0x2 
 .text.tud_cdc_n_connected
                0x1000697c       0x44 CMakeFiles/main.dir/C_/VSARM/sdk/pico/pico-sdk/lib/tinyusb/src/class/cdc/cdc_device.c.obj
                0x1000697c                tud_cdc_n_connected
 .text.tud_cdc_n_available
                0x100069c0       0x18 CMakeFiles/main.dir/C_/VSARM/sdk/pico/pico-sdk/lib/tinyusb/src/class/cdc/cdc_device.c.obj
                0x100069c0                tud_cdc_n_available
 .text.tud_cdc_n_read
                0x100069d8       0x28 CMakeFiles/main.dir/C_/VSARM/sdk/pico/pico-sdk/lib/tinyusb/src/class/cdc/cdc_device.c.obj
                0x100069d8                tud_cdc_n_read
 .text.tud_cdc_n_write_flush
                0x10006a00       0xcc CMakeFiles/main.dir/C_/VSARM/sdk/pico/pico-sdk/lib/tinyusb/src/class/cdc/cdc_device.c.obj
                0x10006a00                tud_cdc_n_write_flush
 .text.tud_cdc_n_write
                0x10006acc       0x38 CMakeFiles/main.dir/C_/VSARM/sdk/pico/pico-sdk/lib/tinyusb/src/class/cdc/cdc_device.c.obj
                0x10006acc                tud_cdc_n_write
 .text.tud_cdc_n_write_available
                0x10006b04       0x1c CMakeFiles/main.dir/C_/VSARM/sdk/pico/pico-sdk/lib/tinyusb/src/class/cdc/cdc_device.c.obj
                0x10006b04                tud_cdc_n_write_available
 .text.cdcd_init
                0x10006b20       0xbc CMakeFiles/main.dir/C_/VSARM/sdk/pico/pico-sdk/lib/tinyusb/src/class/cdc/cdc_device.c.obj
                0x10006b20                cdcd_init
 .text.cdcd_reset
                0x10006bdc       0x44 CMakeFiles/main.dir/C_/VSARM/sdk/pico/pico-sdk/lib/tinyusb/src/class/cdc/cdc_device.c.obj
                0x10006bdc                cdcd_reset
 .text.cdcd_open
                0x10006c20       0xf8 CMakeFiles/main.dir/C_/VSARM/sdk/pico/pico-sdk/lib/tinyusb/src/class/cdc/cdc_device.c.obj
                0x10006c20                cdcd_open
 .text.cdcd_control_xfer_cb
                0x10006d18      0x134 CMakeFiles/main.dir/C_/VSARM/sdk/pico/pico-sdk/lib/tinyusb/src/class/cdc/cdc_device.c.obj
                0x10006d18                cdcd_control_xfer_cb
 .text.cdcd_xfer_cb
                0x10006e4c      0x144 CMakeFiles/main.dir/C_/VSARM/sdk/pico/pico-sdk/lib/tinyusb/src/class/cdc/cdc_device.c.obj
                0x10006e4c                cdcd_xfer_cb
 .text.tusb_init
                0x10006f90       0x24 CMakeFiles/main.dir/C_/VSARM/sdk/pico/pico-sdk/lib/tinyusb/src/tusb.c.obj
                0x10006f90                tusb_init
 .text.tusb_inited
                0x10006fb4        0xe CMakeFiles/main.dir/C_/VSARM/sdk/pico/pico-sdk/lib/tinyusb/src/tusb.c.obj
                0x10006fb4                tusb_inited
 *fill*         0x10006fc2        0x2 
 .text.tu_edpt_validate
                0x10006fc4       0xa8 CMakeFiles/main.dir/C_/VSARM/sdk/pico/pico-sdk/lib/tinyusb/src/tusb.c.obj
                0x10006fc4                tu_edpt_validate
 .text.tu_edpt_bind_driver
                0x1000706c       0x2a CMakeFiles/main.dir/C_/VSARM/sdk/pico/pico-sdk/lib/tinyusb/src/tusb.c.obj
                0x1000706c                tu_edpt_bind_driver
 .text.advance_pointer
                0x10007096       0x18 CMakeFiles/main.dir/C_/VSARM/sdk/pico/pico-sdk/lib/tinyusb/src/common/tusb_fifo.c.obj
 .text.backward_pointer
                0x100070ae       0x1e CMakeFiles/main.dir/C_/VSARM/sdk/pico/pico-sdk/lib/tinyusb/src/common/tusb_fifo.c.obj
 .text.get_relative_pointer
                0x100070cc       0x10 CMakeFiles/main.dir/C_/VSARM/sdk/pico/pico-sdk/lib/tinyusb/src/common/tusb_fifo.c.obj
 .text._tu_fifo_peek
                0x100070dc       0x50 CMakeFiles/main.dir/C_/VSARM/sdk/pico/pico-sdk/lib/tinyusb/src/common/tusb_fifo.c.obj
 .text._ff_pull_const_addr
                0x1000712c       0x4c CMakeFiles/main.dir/C_/VSARM/sdk/pico/pico-sdk/lib/tinyusb/src/common/tusb_fifo.c.obj
 .text._ff_pull_n
                0x10007178      0x10c CMakeFiles/main.dir/C_/VSARM/sdk/pico/pico-sdk/lib/tinyusb/src/common/tusb_fifo.c.obj
 .text._tu_fifo_peek_n
                0x10007284       0x5e CMakeFiles/main.dir/C_/VSARM/sdk/pico/pico-sdk/lib/tinyusb/src/common/tusb_fifo.c.obj
 .text._tu_fifo_read_n
                0x100072e2       0x4e CMakeFiles/main.dir/C_/VSARM/sdk/pico/pico-sdk/lib/tinyusb/src/common/tusb_fifo.c.obj
 .text._ff_push_const_addr
                0x10007330       0x40 CMakeFiles/main.dir/C_/VSARM/sdk/pico/pico-sdk/lib/tinyusb/src/common/tusb_fifo.c.obj
 .text._ff_push_n
                0x10007370      0x108 CMakeFiles/main.dir/C_/VSARM/sdk/pico/pico-sdk/lib/tinyusb/src/common/tusb_fifo.c.obj
 .text._tu_fifo_write_n
                0x10007478       0x9e CMakeFiles/main.dir/C_/VSARM/sdk/pico/pico-sdk/lib/tinyusb/src/common/tusb_fifo.c.obj
 .text.tu_fifo_config
                0x10007516       0x72 CMakeFiles/main.dir/C_/VSARM/sdk/pico/pico-sdk/lib/tinyusb/src/common/tusb_fifo.c.obj
                0x10007516                tu_fifo_config
 .text.tu_fifo_count
                0x10007588       0x26 CMakeFiles/main.dir/C_/VSARM/sdk/pico/pico-sdk/lib/tinyusb/src/common/tusb_fifo.c.obj
                0x10007588                tu_fifo_count
 .text.tu_fifo_empty
                0x100075ae       0x10 CMakeFiles/main.dir/C_/VSARM/sdk/pico/pico-sdk/lib/tinyusb/src/common/tusb_fifo.c.obj
                0x100075ae                tu_fifo_empty
 .text.tu_fifo_remaining
                0x100075be       0x20 CMakeFiles/main.dir/C_/VSARM/sdk/pico/pico-sdk/lib/tinyusb/src/common/tusb_fifo.c.obj
                0x100075be                tu_fifo_remaining
 .text.tu_fifo_read
                0x100075de       0x42 CMakeFiles/main.dir/C_/VSARM/sdk/pico/pico-sdk/lib/tinyusb/src/common/tusb_fifo.c.obj
                0x100075de                tu_fifo_read
 .text.tu_fifo_read_n
                0x10007620        0xa CMakeFiles/main.dir/C_/VSARM/sdk/pico/pico-sdk/lib/tinyusb/src/common/tusb_fifo.c.obj
                0x10007620                tu_fifo_read_n
 .text.tu_fifo_write
                0x1000762a       0x6c CMakeFiles/main.dir/C_/VSARM/sdk/pico/pico-sdk/lib/tinyusb/src/common/tusb_fifo.c.obj
                0x1000762a                tu_fifo_write
 .text.tu_fifo_write_n
                0x10007696        0xa CMakeFiles/main.dir/C_/VSARM/sdk/pico/pico-sdk/lib/tinyusb/src/common/tusb_fifo.c.obj
                0x10007696                tu_fifo_write_n
 .text.tu_fifo_clear
                0x100076a0       0x4c CMakeFiles/main.dir/C_/VSARM/sdk/pico/pico-sdk/lib/tinyusb/src/common/tusb_fifo.c.obj
                0x100076a0                tu_fifo_clear
 .text.tu_fifo_set_overwritable
                0x100076ec       0x3c CMakeFiles/main.dir/C_/VSARM/sdk/pico/pico-sdk/lib/tinyusb/src/common/tusb_fifo.c.obj
                0x100076ec                tu_fifo_set_overwritable
 .text._retrieve_unique_id_on_boot
                0x10007728       0x10 CMakeFiles/main.dir/C_/VSARM/sdk/pico/pico-sdk/src/rp2_common/pico_unique_id/unique_id.c.obj
 .text.pico_get_unique_board_id_string
                0x10007738       0x60 CMakeFiles/main.dir/C_/VSARM/sdk/pico/pico-sdk/src/rp2_common/pico_unique_id/unique_id.c.obj
                0x10007738                pico_get_unique_board_id_string
 .text.flash_get_unique_id
                0x10007798       0x46 CMakeFiles/main.dir/C_/VSARM/sdk/pico/pico-sdk/src/rp2_common/hardware_flash/flash.c.obj
                0x10007798                flash_get_unique_id
 .text.spi_set_baudrate
                0x100077de       0x92 CMakeFiles/main.dir/C_/VSARM/sdk/pico/pico-sdk/src/rp2_common/hardware_spi/spi.c.obj
                0x100077de                spi_set_baudrate
 .text.spi_init
                0x10007870       0x68 CMakeFiles/main.dir/C_/VSARM/sdk/pico/pico-sdk/src/rp2_common/hardware_spi/spi.c.obj
                0x10007870                spi_init
 .text          0x100078d8     0x129c ..\freertos\libfreertos.a(tasks.c.obj)
                0x10007b98                xTaskCreate
                0x10007c28                vTaskDelete
                0x10007cac                uxTaskPriorityGet
                0x10007ccc                uxTaskPriorityGetFromISR
                0x10007cec                vTaskPrioritySet
                0x10007dbc                vTaskResume
                0x10007e40                xTaskResumeFromISR
                0x10007edc                vTaskStartScheduler
                0x10007f1c                vTaskEndScheduler
                0x10007f30                vTaskSuspendAll
                0x10007f40                xTaskGetTickCount
                0x10007f4c                xTaskGetTickCountFromISR
                0x10007f58                uxTaskGetNumberOfTasks
                0x10007f64                pcTaskGetName
                0x10007f78                xTaskIncrementTick
                0x100080a4                xTaskResumeAll
                0x100081c4                xTaskDelayUntil
                0x10008224                vTaskDelay
                0x10008244                xTaskCatchUpTicks
                0x10008268                vTaskSwitchContext
                0x100082e4                vTaskSuspend
                0x10008388                vTaskPlaceOnEventList
                0x100083a4                vTaskPlaceOnUnorderedEventList
                0x100083e4                vTaskPlaceOnEventListRestricted
                0x10008424                xTaskRemoveFromEventList
                0x100084f8                vTaskRemoveFromUnorderedEventList
                0x100085a8                vTaskSetTimeOutState
                0x100085c4                vTaskInternalSetTimeOutState
                0x100085d4                xTaskCheckForTimeOut
                0x1000862c                vTaskMissedYield
                0x10008638                vTaskSetThreadLocalStoragePointer
                0x10008654                pvTaskGetThreadLocalStoragePointer
                0x10008674                xTaskGetCurrentTaskHandle
                0x10008680                xTaskGetSchedulerState
                0x100086a0                uxTaskResetEventItemValue
                0x100086b8                ulTaskGenericNotifyTake
                0x10008744                xTaskGenericNotifyWait
                0x100087e4                xTaskGenericNotify
                0x100088ec                xTaskGenericNotifyFromISR
                0x10008a30                vTaskGenericNotifyGiveFromISR
                0x10008b0c                xTaskGenericNotifyStateClear
                0x10008b44                ulTaskGenericNotifyValueClear
 .text          0x10008b74      0x4a4 ..\freertos\libfreertos.a(timers.c.obj)
                0x10008e7e                xTimerCreateTimerTask
                0x10008eb8                xTimerCreate
                0x10008eec                xTimerGenericCommandFromTask
                0x10008f38                xTimerGenericCommandFromISR
                0x10008f6c                xTimerGetTimerDaemonTaskHandle
                0x10008f78                xTimerGetPeriod
                0x10008f7c                vTimerSetReloadMode
                0x10008fa6                xTimerGetReloadMode
                0x10008fc4                uxTimerGetReloadMode
                0x10008fcc                xTimerGetExpiryTime
                0x10008fd0                pcTimerGetName
                0x10008fd4                xTimerIsTimerActive
                0x10008ff2                pvTimerGetTimerID
                0x10009004                vTimerSetTimerID
 .text          0x10009018       0x2e ..\freertos\libfreertos.a(heap_3.c.obj)
                0x10009018                pvPortMalloc
                0x10009030                vPortFree
 *fill*         0x10009046        0xa 
 .text          0x10009050      0x18c ..\freertos\libfreertos.a(port.c.obj)
                0x10009094                pxPortInitialiseStack
                0x100090b4                isr_svcall
                0x100090b6                vPortEndScheduler
                0x100090b8                vPortYield
                0x100090d0                vPortEnterCritical
                0x100090e8                vPortExitCritical
                0x100090fc                ulSetInterruptMaskFromISR
                0x10009104                vClearInterruptMaskFromISR
                0x1000910a                isr_pendsv
                0x10009154                isr_systick
                0x10009178                vPortSetupTimerInterrupt
                0x100091a0                xPortStartScheduler
 .text          0x100091dc       0x86 ..\freertos\libfreertos.a(list.c.obj)
                0x100091dc                vListInitialise
                0x100091f2                vListInitialiseItem
                0x100091f8                vListInsertEnd
                0x1000920e                vListInsert
                0x1000923c                uxListRemove
 *fill*         0x10009262        0x2 
 .text          0x10009264      0x914 ..\freertos\libfreertos.a(queue.c.obj)
                0x10009394                xQueueGenericReset
                0x10009468                xQueueGenericCreate
                0x100094e6                xQueueGenericSend
                0x100095d8                xQueueGenericSendFromISR
                0x1000965e                xQueueGiveFromISR
                0x100096ce                xQueueReceive
                0x100097bc                xQueueSemaphoreTake
                0x100098a0                xQueuePeek
                0x1000998e                xQueueReceiveFromISR
                0x10009a0c                xQueuePeekFromISR
                0x10009a3a                uxQueueMessagesWaiting
                0x10009a4c                uxQueueSpacesAvailable
                0x10009a62                uxQueueMessagesWaitingFromISR
                0x10009a66                uxQueueGetQueueItemSize
                0x10009a6a                xQueueIsQueueEmptyFromISR
                0x10009a78                xQueueIsQueueFullFromISR
                0x10009a88                vQueueAddToRegistry
                0x10009acc                pcQueueGetName
                0x10009af0                vQueueUnregisterQueue
                0x10009b18                vQueueDelete
                0x10009b28                vQueueWaitForMessageRestricted
 .text.malloc   0x10009b78       0x14 c:/vsarm/armcc/102020~1/bin/../lib/gcc/arm-none-eabi/10.2.1/../../../../arm-none-eabi/lib/thumb/v6-m/nofp\libg.a(lib_a-malloc.o)
                0x10009b78                malloc
 .text.free     0x10009b8c       0x14 c:/vsarm/armcc/102020~1/bin/../lib/gcc/arm-none-eabi/10.2.1/../../../../arm-none-eabi/lib/thumb/v6-m/nofp\libg.a(lib_a-malloc.o)
                0x10009b8c                free
 .text._malloc_r
                0x10009ba0      0x580 c:/vsarm/armcc/102020~1/bin/../lib/gcc/arm-none-eabi/10.2.1/../../../../arm-none-eabi/lib/thumb/v6-m/nofp\libg.a(lib_a-mallocr.o)
                0x10009ba0                _malloc_r
 .text.__malloc_lock
                0x1000a120       0x10 c:/vsarm/armcc/102020~1/bin/../lib/gcc/arm-none-eabi/10.2.1/../../../../arm-none-eabi/lib/thumb/v6-m/nofp\libg.a(lib_a-mlock.o)
                0x1000a120                __malloc_lock
 .text.__malloc_unlock
                0x1000a130       0x10 c:/vsarm/armcc/102020~1/bin/../lib/gcc/arm-none-eabi/10.2.1/../../../../arm-none-eabi/lib/thumb/v6-m/nofp\libg.a(lib_a-mlock.o)
                0x1000a130                __malloc_unlock
 .text._sbrk_r  0x1000a140       0x24 c:/vsarm/armcc/102020~1/bin/../lib/gcc/arm-none-eabi/10.2.1/../../../../arm-none-eabi/lib/thumb/v6-m/nofp\libg.a(lib_a-sbrkr.o)
                0x1000a140                _sbrk_r
 .text.strlen   0x1000a164       0x5c c:/vsarm/armcc/102020~1/bin/../lib/gcc/arm-none-eabi/10.2.1/../../../../arm-none-eabi/lib/thumb/v6-m/nofp\libg.a(lib_a-strlen-stub.o)
                0x1000a164                strlen
 .text._malloc_trim_r
                0x1000a1c0       0x9c c:/vsarm/armcc/102020~1/bin/../lib/gcc/arm-none-eabi/10.2.1/../../../../arm-none-eabi/lib/thumb/v6-m/nofp\libg.a(lib_a-freer.o)
                0x1000a1c0                _malloc_trim_r
 .text._free_r  0x1000a25c      0x1c4 c:/vsarm/armcc/102020~1/bin/../lib/gcc/arm-none-eabi/10.2.1/../../../../arm-none-eabi/lib/thumb/v6-m/nofp\libg.a(lib_a-freer.o)
                0x1000a25c                _free_r
 .text.__retarget_lock_acquire_recursive
                0x1000a420        0x4 c:/vsarm/armcc/102020~1/bin/../lib/gcc/arm-none-eabi/10.2.1/../../../../arm-none-eabi/lib/thumb/v6-m/nofp\libg.a(lib_a-lock.o)
                0x1000a420                __retarget_lock_acquire_recursive
 .text.__retarget_lock_release_recursive
                0x1000a424        0x4 c:/vsarm/armcc/102020~1/bin/../lib/gcc/arm-none-eabi/10.2.1/../../../../arm-none-eabi/lib/thumb/v6-m/nofp\libg.a(lib_a-lock.o)
                0x1000a424                __retarget_lock_release_recursive
 *(.fini)
 .fini          0x1000a428        0x4 c:/vsarm/armcc/102020~1/bin/../lib/gcc/arm-none-eabi/10.2.1/thumb/v6-m/nofp/crti.o
                0x1000a428                _fini
 *fill*         0x1000a42c        0x4 
 .fini.__stub   0x1000a430       0x70 linker stubs
 *crtbegin.o(.ctors)
 *crtbegin?.o(.ctors)
 *(EXCLUDE_FILE(*crtend.o *crtend?.o) .ctors)
 *(SORT_BY_NAME(.ctors.*))
 *(.ctors)
 *crtbegin.o(.dtors)
 *crtbegin?.o(.dtors)
 *(EXCLUDE_FILE(*crtend.o *crtend?.o) .dtors)
 *(SORT_BY_NAME(.dtors.*))
 *(.dtors)
 *(.eh_frame*)
 .eh_frame      0x1000a4a0        0x0 c:/vsarm/armcc/102020~1/bin/../lib/gcc/arm-none-eabi/10.2.1/thumb/v6-m/nofp/crtbegin.o
                0x1000a4a0                . = ALIGN (0x4)

.glue_7         0x1000a4a0        0x0
 .glue_7        0x1000a4a0        0x0 linker stubs

.glue_7t        0x1000a4a0        0x0
 .glue_7t       0x1000a4a0        0x0 linker stubs

.vfp11_veneer   0x1000a4a0        0x0
 .vfp11_veneer  0x1000a4a0        0x0 linker stubs

.v4_bx          0x1000a4a0        0x0
 .v4_bx         0x1000a4a0        0x0 linker stubs

.iplt           0x1000a4a0        0x0
 .iplt          0x1000a4a0        0x0 c:/vsarm/armcc/102020~1/bin/../lib/gcc/arm-none-eabi/10.2.1/thumb/v6-m/nofp/crtbegin.o

.rodata         0x1000a4a0     0x1750
 *(EXCLUDE_FILE(*libm.a: *libc.a:*lib_a-mem*.o *libgcc.a:) .rodata*)
 .rodata.ltc2449_task.str1.4
                0x1000a4a0        0x8 CMakeFiles/main.dir/main.c.obj
 .rodata.main.str1.4
                0x1000a4a8       0x26 CMakeFiles/main.dir/main.c.obj
 *fill*         0x1000a4ce        0x2 
 .rodata.spin_lock_claim_unused.str1.4
                0x1000a4d0       0x1b CMakeFiles/main.dir/C_/VSARM/sdk/pico/pico-sdk/src/rp2_common/hardware_sync/sync.c.obj
 *fill*         0x1000a4eb        0x1 
 .rodata.make_branch.str1.4
                0x1000a4ec       0x6d CMakeFiles/main.dir/C_/VSARM/sdk/pico/pico-sdk/src/rp2_common/hardware_irq/irq.c.obj
 *fill*         0x1000a559        0x3 
 .rodata.insert_branch_and_link.str1.4
                0x1000a55c       0x10 CMakeFiles/main.dir/C_/VSARM/sdk/pico/pico-sdk/src/rp2_common/hardware_irq/irq.c.obj
 .rodata.irq_set_exclusive_handler.str1.4
                0x1000a56c       0x36 CMakeFiles/main.dir/C_/VSARM/sdk/pico/pico-sdk/src/rp2_common/hardware_irq/irq.c.obj
 *fill*         0x1000a5a2        0x2 
 .rodata.irq_add_shared_handler.str1.4
                0x1000a5a4       0xd9 CMakeFiles/main.dir/C_/VSARM/sdk/pico/pico-sdk/src/rp2_common/hardware_irq/irq.c.obj
 *fill*         0x1000a67d        0x3 
 .rodata.irq_remove_handler.str1.4
                0x1000a680       0x2a CMakeFiles/main.dir/C_/VSARM/sdk/pico/pico-sdk/src/rp2_common/hardware_irq/irq.c.obj
 *fill*         0x1000a6aa        0x2 
 .rodata.irq_add_tail_to_free_list.str1.4
                0x1000a6ac       0x3a CMakeFiles/main.dir/C_/VSARM/sdk/pico/pico-sdk/src/rp2_common/hardware_irq/irq.c.obj
 *fill*         0x1000a6e6        0x2 
 .rodata.user_irq_claim_unused.str1.4
                0x1000a6e8       0x1b CMakeFiles/main.dir/C_/VSARM/sdk/pico/pico-sdk/src/rp2_common/hardware_irq/irq.c.obj
 *fill*         0x1000a703        0x1 
 .rodata.__func__.0
                0x1000a704       0x1a CMakeFiles/main.dir/C_/VSARM/sdk/pico/pico-sdk/src/rp2_common/hardware_irq/irq.c.obj
 *fill*         0x1000a71e        0x2 
 .rodata.__func__.1
                0x1000a720       0x17 CMakeFiles/main.dir/C_/VSARM/sdk/pico/pico-sdk/src/rp2_common/hardware_irq/irq.c.obj
 *fill*         0x1000a737        0x1 
 .rodata.__func__.2
                0x1000a738       0x13 CMakeFiles/main.dir/C_/VSARM/sdk/pico/pico-sdk/src/rp2_common/hardware_irq/irq.c.obj
 *fill*         0x1000a74b        0x1 
 .rodata.__func__.3
                0x1000a74c        0xc CMakeFiles/main.dir/C_/VSARM/sdk/pico/pico-sdk/src/rp2_common/hardware_irq/irq.c.obj
 .rodata.__func__.4
                0x1000a758        0xf CMakeFiles/main.dir/C_/VSARM/sdk/pico/pico-sdk/src/rp2_common/hardware_irq/irq.c.obj
 *fill*         0x1000a767        0x1 
 .rodata.__func__.5
                0x1000a768       0x17 CMakeFiles/main.dir/C_/VSARM/sdk/pico/pico-sdk/src/rp2_common/hardware_irq/irq.c.obj
 *fill*         0x1000a77f        0x1 
 .rodata.__func__.6
                0x1000a780       0x1a CMakeFiles/main.dir/C_/VSARM/sdk/pico/pico-sdk/src/rp2_common/hardware_irq/irq.c.obj
 *fill*         0x1000a79a        0x2 
 .rodata.repeating_timer_callback.str1.4
                0x1000a79c       0x4b CMakeFiles/main.dir/C_/VSARM/sdk/pico/pico-sdk/src/common/pico_time/time.c.obj
 *fill*         0x1000a7e7        0x1 
 .rodata.alarm_pool_dump_key.str1.4
                0x1000a7e8       0x33 CMakeFiles/main.dir/C_/VSARM/sdk/pico/pico-sdk/src/common/pico_time/time.c.obj
 *fill*         0x1000a81b        0x1 
 .rodata.ph_add_child_node.str1.4
                0x1000a81c       0x96 CMakeFiles/main.dir/C_/VSARM/sdk/pico/pico-sdk/src/common/pico_time/time.c.obj
 *fill*         0x1000a8b2        0x2 
 .rodata.add_alarm_under_lock.str1.4
                0x1000a8b4       0x28 CMakeFiles/main.dir/C_/VSARM/sdk/pico/pico-sdk/src/common/pico_time/time.c.obj
                                 0x2b (size before relaxing)
 .rodata.alarm_pool_alarm_callback.str1.4
                0x1000a8dc       0xe6 CMakeFiles/main.dir/C_/VSARM/sdk/pico/pico-sdk/src/common/pico_time/time.c.obj
 *fill*         0x1000a9c2        0x2 
 .rodata.alarm_pool_get_default.str1.4
                0x1000a9c4       0x21 CMakeFiles/main.dir/C_/VSARM/sdk/pico/pico-sdk/src/common/pico_time/time.c.obj
 *fill*         0x1000a9e5        0x3 
 .rodata.alarm_pool_cancel_alarm.str1.4
                0x1000a9e8       0x27 CMakeFiles/main.dir/C_/VSARM/sdk/pico/pico-sdk/src/common/pico_time/time.c.obj
 *fill*         0x1000aa0f        0x1 
 .rodata.sleep_until.str1.4
                0x1000aa10       0x4d CMakeFiles/main.dir/C_/VSARM/sdk/pico/pico-sdk/src/common/pico_time/time.c.obj
 *fill*         0x1000aa5d        0x3 
 .rodata.__func__.1
                0x1000aa60       0x18 CMakeFiles/main.dir/C_/VSARM/sdk/pico/pico-sdk/src/common/pico_time/time.c.obj
 .rodata.__func__.10
                0x1000aa78       0x15 CMakeFiles/main.dir/C_/VSARM/sdk/pico/pico-sdk/src/common/pico_time/time.c.obj
 *fill*         0x1000aa8d        0x3 
 .rodata.__func__.11
                0x1000aa90       0x1a CMakeFiles/main.dir/C_/VSARM/sdk/pico/pico-sdk/src/common/pico_time/time.c.obj
 *fill*         0x1000aaaa        0x2 
 .rodata.__func__.12
                0x1000aaac        0xa CMakeFiles/main.dir/C_/VSARM/sdk/pico/pico-sdk/src/common/pico_time/time.c.obj
 *fill*         0x1000aab6        0x2 
 .rodata.__func__.3
                0x1000aab8       0x17 CMakeFiles/main.dir/C_/VSARM/sdk/pico/pico-sdk/src/common/pico_time/time.c.obj
 *fill*         0x1000aacf        0x1 
 .rodata.__func__.4
                0x1000aad0       0x12 CMakeFiles/main.dir/C_/VSARM/sdk/pico/pico-sdk/src/common/pico_time/time.c.obj
 *fill*         0x1000aae2        0x2 
 .rodata.__func__.5
                0x1000aae4        0xd CMakeFiles/main.dir/C_/VSARM/sdk/pico/pico-sdk/src/common/pico_time/time.c.obj
 *fill*         0x1000aaf1        0x3 
 .rodata.__func__.6
                0x1000aaf4       0x12 CMakeFiles/main.dir/C_/VSARM/sdk/pico/pico-sdk/src/common/pico_time/time.c.obj
 *fill*         0x1000ab06        0x2 
 .rodata.__func__.7
                0x1000ab08        0xf CMakeFiles/main.dir/C_/VSARM/sdk/pico/pico-sdk/src/common/pico_time/time.c.obj
 *fill*         0x1000ab17        0x1 
 .rodata.__func__.8
                0x1000ab18        0xc CMakeFiles/main.dir/C_/VSARM/sdk/pico/pico-sdk/src/common/pico_time/time.c.obj
 .rodata.__func__.9
                0x1000ab24       0x15 CMakeFiles/main.dir/C_/VSARM/sdk/pico/pico-sdk/src/common/pico_time/time.c.obj
 *fill*         0x1000ab39        0x3 
 .rodata.hardware_alarm_claim.str1.4
                0x1000ab3c       0x22 CMakeFiles/main.dir/C_/VSARM/sdk/pico/pico-sdk/src/rp2_common/hardware_timer/timer.c.obj
 *fill*         0x1000ab5e        0x2 
 .rodata.hardware_alarm_set_target.str1.4
                0x1000ab60       0x65 CMakeFiles/main.dir/C_/VSARM/sdk/pico/pico-sdk/src/rp2_common/hardware_timer/timer.c.obj
 *fill*         0x1000abc5        0x3 
 .rodata.__func__.0
                0x1000abc8       0x1a CMakeFiles/main.dir/C_/VSARM/sdk/pico/pico-sdk/src/rp2_common/hardware_timer/timer.c.obj
 .rodata.ph_add_child_node.str1.4
                0x1000abe2       0x96 CMakeFiles/main.dir/C_/VSARM/sdk/pico/pico-sdk/src/common/pico_util/pheap.c.obj
 *fill*         0x1000abe2        0x2 
 .rodata.ph_remove_any_head.str1.4
                0x1000abe4       0x8c CMakeFiles/main.dir/C_/VSARM/sdk/pico/pico-sdk/src/common/pico_util/pheap.c.obj
 .rodata.ph_remove_and_free_node.str1.4
                0x1000ac70       0x1e CMakeFiles/main.dir/C_/VSARM/sdk/pico/pico-sdk/src/common/pico_util/pheap.c.obj
                                 0x26 (size before relaxing)
 *fill*         0x1000ac8e        0x2 
 .rodata.__func__.0
                0x1000ac90       0x18 CMakeFiles/main.dir/C_/VSARM/sdk/pico/pico-sdk/src/common/pico_util/pheap.c.obj
 .rodata.__func__.1
                0x1000aca8       0x13 CMakeFiles/main.dir/C_/VSARM/sdk/pico/pico-sdk/src/common/pico_util/pheap.c.obj
 *fill*         0x1000acbb        0x1 
 .rodata.__func__.2
                0x1000acbc       0x12 CMakeFiles/main.dir/C_/VSARM/sdk/pico/pico-sdk/src/common/pico_util/pheap.c.obj
 *fill*         0x1000acce        0x2 
 .rodata.__func__.3
                0x1000acd0        0xc CMakeFiles/main.dir/C_/VSARM/sdk/pico/pico-sdk/src/common/pico_util/pheap.c.obj
 .rodata.str1.4
                0x1000acdc       0x89 CMakeFiles/main.dir/C_/VSARM/sdk/pico/pico-sdk/src/common/pico_sync/mutex.c.obj
                                 0xed (size before relaxing)
 *fill*         0x1000ad65        0x3 
 .rodata.__func__.1
                0x1000ad68        0xb CMakeFiles/main.dir/C_/VSARM/sdk/pico/pico-sdk/src/common/pico_sync/mutex.c.obj
 *fill*         0x1000ad73        0x1 
 .rodata.__func__.3
                0x1000ad74       0x18 CMakeFiles/main.dir/C_/VSARM/sdk/pico/pico-sdk/src/common/pico_sync/mutex.c.obj
 .rodata.__func__.4
                0x1000ad8c       0x15 CMakeFiles/main.dir/C_/VSARM/sdk/pico/pico-sdk/src/common/pico_sync/mutex.c.obj
 *fill*         0x1000ada1        0x3 
 .rodata.__assert_func.str1.4
                0x1000ada4       0x3f CMakeFiles/main.dir/C_/VSARM/sdk/pico/pico-sdk/src/rp2_common/pico_runtime/runtime.c.obj
                                 0x43 (size before relaxing)
 *fill*         0x1000ade3        0x1 
 .rodata.runtime_init.str1.4
                0x1000ade4       0x61 CMakeFiles/main.dir/C_/VSARM/sdk/pico/pico-sdk/src/rp2_common/pico_runtime/runtime.c.obj
 *fill*         0x1000ae45        0x3 
 .rodata.panic.str1.4
                0x1000ae48       0x12 CMakeFiles/main.dir/C_/VSARM/sdk/pico/pico-sdk/src/rp2_common/pico_runtime/runtime.c.obj
 *fill*         0x1000ae5a        0x2 
 .rodata.__func__.1
                0x1000ae5c        0xd CMakeFiles/main.dir/C_/VSARM/sdk/pico/pico-sdk/src/rp2_common/pico_runtime/runtime.c.obj
 *fill*         0x1000ae69        0x3 
 .rodata.clock_configure.str1.4
                0x1000ae6c       0x57 CMakeFiles/main.dir/C_/VSARM/sdk/pico/pico-sdk/src/rp2_common/hardware_clocks/clocks.c.obj
 *fill*         0x1000aec3        0x1 
 .rodata.__func__.1
                0x1000aec4       0x10 CMakeFiles/main.dir/C_/VSARM/sdk/pico/pico-sdk/src/rp2_common/hardware_clocks/clocks.c.obj
 .rodata.pll_init.str1.4
                0x1000aed4      0x13b CMakeFiles/main.dir/C_/VSARM/sdk/pico/pico-sdk/src/rp2_common/hardware_pll/pll.c.obj
 *fill*         0x1000b00f        0x1 
 .rodata.__func__.0
                0x1000b010        0x9 CMakeFiles/main.dir/C_/VSARM/sdk/pico/pico-sdk/src/rp2_common/hardware_pll/pll.c.obj
 *fill*         0x1000b019        0x3 
 .rodata._ftoa.str1.4
                0x1000b01c       0x15 CMakeFiles/main.dir/C_/VSARM/sdk/pico/pico-sdk/src/rp2_common/pico_printf/printf.c.obj
 *fill*         0x1000b031        0x3 
 .rodata._vsnprintf
                0x1000b034      0x1e0 CMakeFiles/main.dir/C_/VSARM/sdk/pico/pico-sdk/src/rp2_common/pico_printf/printf.c.obj
 *fill*         0x1000b214        0x4 
 .rodata.pow10.0
                0x1000b218       0x50 CMakeFiles/main.dir/C_/VSARM/sdk/pico/pico-sdk/src/rp2_common/pico_printf/printf.c.obj
 .rodata.__aeabi_double_init.str1.4
                0x1000b268       0xa8 CMakeFiles/main.dir/C_/VSARM/sdk/pico/pico-sdk/src/rp2_common/pico_double/double_init_rom.c.obj
 .rodata.__func__.0
                0x1000b310       0x14 CMakeFiles/main.dir/C_/VSARM/sdk/pico/pico-sdk/src/rp2_common/pico_double/double_init_rom.c.obj
 .rodata.__aeabi_float_init.str1.4
                0x1000b324       0x7a CMakeFiles/main.dir/C_/VSARM/sdk/pico/pico-sdk/src/rp2_common/pico_float/float_init_rom.c.obj
                                 0x7e (size before relaxing)
 *fill*         0x1000b39e        0x2 
 .rodata.__func__.0
                0x1000b3a0       0x13 CMakeFiles/main.dir/C_/VSARM/sdk/pico/pico-sdk/src/rp2_common/pico_float/float_init_rom.c.obj
 *fill*         0x1000b3b3        0x1 
 .rodata.__wrap_malloc.str1.4
                0x1000b3b4        0xe CMakeFiles/main.dir/C_/VSARM/sdk/pico/pico-sdk/src/rp2_common/pico_malloc/pico_malloc.c.obj
 *fill*         0x1000b3c2        0x2 
 .rodata.str1.4
                0x1000b3c4       0x3c CMakeFiles/main.dir/C_/VSARM/sdk/pico/pico-sdk/src/rp2_common/pico_standard_link/binary_info.c.obj
 .rodata.__bi_44
                0x1000b400        0xc CMakeFiles/main.dir/C_/VSARM/sdk/pico/pico-sdk/src/rp2_common/pico_standard_link/binary_info.c.obj
 .rodata.__bi_75
                0x1000b40c        0xc CMakeFiles/main.dir/C_/VSARM/sdk/pico/pico-sdk/src/rp2_common/pico_standard_link/binary_info.c.obj
 .rodata.__bi_81
                0x1000b418        0xc CMakeFiles/main.dir/C_/VSARM/sdk/pico/pico-sdk/src/rp2_common/pico_standard_link/binary_info.c.obj
 .rodata.crlf_str.3
                0x1000b424        0x2 CMakeFiles/main.dir/C_/VSARM/sdk/pico/pico-sdk/src/rp2_common/pico_stdio/stdio.c.obj
 *fill*         0x1000b426        0x2 
 .rodata._resetd_driver
                0x1000b428       0x18 CMakeFiles/main.dir/C_/VSARM/sdk/pico/pico-sdk/src/rp2_common/pico_stdio_usb/reset_interface.c.obj
 .rodata.timer_task.str1.4
                0x1000b440       0x6d CMakeFiles/main.dir/C_/VSARM/sdk/pico/pico-sdk/src/rp2_common/pico_stdio_usb/stdio_usb.c.obj
 .rodata.stdio_usb_init.str1.4
                0x1000b4ad       0x61 CMakeFiles/main.dir/C_/VSARM/sdk/pico/pico-sdk/src/rp2_common/pico_stdio_usb/stdio_usb.c.obj
 *fill*         0x1000b4ad        0x3 
 .rodata.str1.4
                0x1000b4b0       0x13 CMakeFiles/main.dir/C_/VSARM/sdk/pico/pico-sdk/src/rp2_common/pico_stdio_usb/stdio_usb.c.obj
 *fill*         0x1000b4c3        0x1 
 .rodata.__bi_118.2
                0x1000b4c4        0xc CMakeFiles/main.dir/C_/VSARM/sdk/pico/pico-sdk/src/rp2_common/pico_stdio_usb/stdio_usb.c.obj
 .rodata.__func__.0
                0x1000b4d0       0x15 CMakeFiles/main.dir/C_/VSARM/sdk/pico/pico-sdk/src/rp2_common/pico_stdio_usb/stdio_usb.c.obj
 *fill*         0x1000b4e5        0x3 
 .rodata.__func__.1
                0x1000b4e8        0xb CMakeFiles/main.dir/C_/VSARM/sdk/pico/pico-sdk/src/rp2_common/pico_stdio_usb/stdio_usb.c.obj
 *fill*         0x1000b4f3        0x1 
 .rodata.str1.4
                0x1000b4f4       0x2a CMakeFiles/main.dir/C_/VSARM/sdk/pico/pico-sdk/src/rp2_common/pico_stdio_usb/stdio_usb_descriptors.c.obj
 *fill*         0x1000b51e        0x2 
 .rodata.usbd_desc_cfg
                0x1000b520       0x54 CMakeFiles/main.dir/C_/VSARM/sdk/pico/pico-sdk/src/rp2_common/pico_stdio_usb/stdio_usb_descriptors.c.obj
 .rodata.usbd_desc_device
                0x1000b574       0x12 CMakeFiles/main.dir/C_/VSARM/sdk/pico/pico-sdk/src/rp2_common/pico_stdio_usb/stdio_usb_descriptors.c.obj
 *fill*         0x1000b586        0x2 
 .rodata.usbd_desc_str
                0x1000b588       0x18 CMakeFiles/main.dir/C_/VSARM/sdk/pico/pico-sdk/src/rp2_common/pico_stdio_usb/stdio_usb_descriptors.c.obj
 .rodata._hw_endpoint_alloc.str1.4
                0x1000b5a0       0xb5 CMakeFiles/main.dir/C_/VSARM/sdk/pico/pico-sdk/lib/tinyusb/src/portable/raspberrypi/rp2040/dcd_rp2040.c.obj
 *fill*         0x1000b655        0x3 
 .rodata.dcd_rp2040_irq.str1.4
                0x1000b658       0x14 CMakeFiles/main.dir/C_/VSARM/sdk/pico/pico-sdk/lib/tinyusb/src/portable/raspberrypi/rp2040/dcd_rp2040.c.obj
 .rodata.dcd_int_enable.str1.4
                0x1000b66c        0xc CMakeFiles/main.dir/C_/VSARM/sdk/pico/pico-sdk/lib/tinyusb/src/portable/raspberrypi/rp2040/dcd_rp2040.c.obj
 .rodata.__func__.0
                0x1000b678        0xe CMakeFiles/main.dir/C_/VSARM/sdk/pico/pico-sdk/lib/tinyusb/src/portable/raspberrypi/rp2040/dcd_rp2040.c.obj
 *fill*         0x1000b686        0x2 
 .rodata.__func__.1
                0x1000b688        0xe CMakeFiles/main.dir/C_/VSARM/sdk/pico/pico-sdk/lib/tinyusb/src/portable/raspberrypi/rp2040/dcd_rp2040.c.obj
 *fill*         0x1000b696        0x2 
 .rodata.__func__.3
                0x1000b698       0x10 CMakeFiles/main.dir/C_/VSARM/sdk/pico/pico-sdk/lib/tinyusb/src/portable/raspberrypi/rp2040/dcd_rp2040.c.obj
 .rodata.__func__.5
                0x1000b6a8        0xf CMakeFiles/main.dir/C_/VSARM/sdk/pico/pico-sdk/lib/tinyusb/src/portable/raspberrypi/rp2040/dcd_rp2040.c.obj
 *fill*         0x1000b6b7        0x1 
 .rodata.__func__.6
                0x1000b6b8       0x13 CMakeFiles/main.dir/C_/VSARM/sdk/pico/pico-sdk/lib/tinyusb/src/portable/raspberrypi/rp2040/dcd_rp2040.c.obj
 *fill*         0x1000b6cb        0x1 
 .rodata.__func__.7
                0x1000b6cc        0x9 CMakeFiles/main.dir/C_/VSARM/sdk/pico/pico-sdk/lib/tinyusb/src/portable/raspberrypi/rp2040/dcd_rp2040.c.obj
 *fill*         0x1000b6d5        0x3 
 .rodata.sync_ep_buffer.str1.4
                0x1000b6d8       0x91 CMakeFiles/main.dir/C_/VSARM/sdk/pico/pico-sdk/lib/tinyusb/src/portable/raspberrypi/rp2040/rp2040_usb.c.obj
 *fill*         0x1000b769        0x3 
 .rodata._hw_endpoint_buffer_control_update32.str1.4
                0x1000b76c       0x1f CMakeFiles/main.dir/C_/VSARM/sdk/pico/pico-sdk/lib/tinyusb/src/portable/raspberrypi/rp2040/rp2040_usb.c.obj
 *fill*         0x1000b78b        0x1 
 .rodata.hw_endpoint_xfer_start.str1.4
                0x1000b78c       0x38 CMakeFiles/main.dir/C_/VSARM/sdk/pico/pico-sdk/lib/tinyusb/src/portable/raspberrypi/rp2040/rp2040_usb.c.obj
 .rodata.hw_endpoint_xfer_continue.str1.4
                0x1000b7c4       0x29 CMakeFiles/main.dir/C_/VSARM/sdk/pico/pico-sdk/lib/tinyusb/src/portable/raspberrypi/rp2040/rp2040_usb.c.obj
 *fill*         0x1000b7ed        0x3 
 .rodata.str1.4
                0x1000b7f0        0x3 CMakeFiles/main.dir/C_/VSARM/sdk/pico/pico-sdk/lib/tinyusb/src/portable/raspberrypi/rp2040/rp2040_usb.c.obj
                                  0x7 (size before relaxing)
 *fill*         0x1000b7f3        0x1 
 .rodata.__func__.0
                0x1000b7f4        0xf CMakeFiles/main.dir/C_/VSARM/sdk/pico/pico-sdk/lib/tinyusb/src/portable/raspberrypi/rp2040/rp2040_usb.c.obj
 *fill*         0x1000b803        0x1 
 .rodata.process_set_config.str1.4
                0x1000b804       0x17 CMakeFiles/main.dir/C_/VSARM/sdk/pico/pico-sdk/lib/tinyusb/src/device/usbd.c.obj
 *fill*         0x1000b81b        0x1 
 .rodata.process_get_descriptor
                0x1000b81c       0x40 CMakeFiles/main.dir/C_/VSARM/sdk/pico/pico-sdk/lib/tinyusb/src/device/usbd.c.obj
 .rodata.process_control_request
                0x1000b85c       0x28 CMakeFiles/main.dir/C_/VSARM/sdk/pico/pico-sdk/lib/tinyusb/src/device/usbd.c.obj
 .rodata.tud_task
                0x1000b884       0x24 CMakeFiles/main.dir/C_/VSARM/sdk/pico/pico-sdk/lib/tinyusb/src/device/usbd.c.obj
 .rodata.__func__.2
                0x1000b8a8        0xf CMakeFiles/main.dir/C_/VSARM/sdk/pico/pico-sdk/lib/tinyusb/src/device/usbd.c.obj
 *fill*         0x1000b8b7        0x1 
 .rodata.__func__.3
                0x1000b8b8        0xf CMakeFiles/main.dir/C_/VSARM/sdk/pico/pico-sdk/lib/tinyusb/src/device/usbd.c.obj
 *fill*         0x1000b8c7        0x1 
 .rodata.__func__.4
                0x1000b8c8       0x14 CMakeFiles/main.dir/C_/VSARM/sdk/pico/pico-sdk/lib/tinyusb/src/device/usbd.c.obj
 .rodata.__func__.5
                0x1000b8dc       0x10 CMakeFiles/main.dir/C_/VSARM/sdk/pico/pico-sdk/lib/tinyusb/src/device/usbd.c.obj
 .rodata.__func__.6
                0x1000b8ec       0x17 CMakeFiles/main.dir/C_/VSARM/sdk/pico/pico-sdk/lib/tinyusb/src/device/usbd.c.obj
 *fill*         0x1000b903        0x1 
 .rodata.__func__.7
                0x1000b904       0x13 CMakeFiles/main.dir/C_/VSARM/sdk/pico/pico-sdk/lib/tinyusb/src/device/usbd.c.obj
 *fill*         0x1000b917        0x1 
 .rodata.__func__.8
                0x1000b918       0x18 CMakeFiles/main.dir/C_/VSARM/sdk/pico/pico-sdk/lib/tinyusb/src/device/usbd.c.obj
 .rodata.__func__.9
                0x1000b930        0x9 CMakeFiles/main.dir/C_/VSARM/sdk/pico/pico-sdk/lib/tinyusb/src/device/usbd.c.obj
 *fill*         0x1000b939        0x3 
 .rodata._usbd_driver
                0x1000b93c       0x18 CMakeFiles/main.dir/C_/VSARM/sdk/pico/pico-sdk/lib/tinyusb/src/device/usbd.c.obj
 .rodata.tud_control_xfer.str1.4
                0x1000b954       0x17 CMakeFiles/main.dir/C_/VSARM/sdk/pico/pico-sdk/lib/tinyusb/src/device/usbd_control.c.obj
 .rodata.__func__.0
                0x1000b954       0x15 CMakeFiles/main.dir/C_/VSARM/sdk/pico/pico-sdk/lib/tinyusb/src/device/usbd_control.c.obj
 *fill*         0x1000b969        0x3 
 .rodata.__func__.1
                0x1000b96c       0x11 CMakeFiles/main.dir/C_/VSARM/sdk/pico/pico-sdk/lib/tinyusb/src/device/usbd_control.c.obj
 .rodata.tud_cdc_n_write_flush.str1.4
                0x1000b97d       0x17 CMakeFiles/main.dir/C_/VSARM/sdk/pico/pico-sdk/lib/tinyusb/src/class/cdc/cdc_device.c.obj
 *fill*         0x1000b97d        0x3 
 .rodata.__func__.0
                0x1000b980        0xd CMakeFiles/main.dir/C_/VSARM/sdk/pico/pico-sdk/lib/tinyusb/src/class/cdc/cdc_device.c.obj
 *fill*         0x1000b98d        0x3 
 .rodata.__func__.1
                0x1000b990        0xa CMakeFiles/main.dir/C_/VSARM/sdk/pico/pico-sdk/lib/tinyusb/src/class/cdc/cdc_device.c.obj
 *fill*         0x1000b99a        0x2 
 .rodata.__func__.2
                0x1000b99c       0x16 CMakeFiles/main.dir/C_/VSARM/sdk/pico/pico-sdk/lib/tinyusb/src/class/cdc/cdc_device.c.obj
 .rodata.tusb_init.str1.4
                0x1000b9b2       0x17 CMakeFiles/main.dir/C_/VSARM/sdk/pico/pico-sdk/lib/tinyusb/src/tusb.c.obj
 *fill*         0x1000b9b2        0x2 
 .rodata.__func__.0
                0x1000b9b4       0x11 CMakeFiles/main.dir/C_/VSARM/sdk/pico/pico-sdk/lib/tinyusb/src/tusb.c.obj
 *fill*         0x1000b9c5        0x3 
 .rodata.__func__.1
                0x1000b9c8        0xa CMakeFiles/main.dir/C_/VSARM/sdk/pico/pico-sdk/lib/tinyusb/src/tusb.c.obj
 *fill*         0x1000b9d2        0x2 
 .rodata.pico_get_unique_board_id_string.str1.4
                0x1000b9d4       0x4d CMakeFiles/main.dir/C_/VSARM/sdk/pico/pico-sdk/src/rp2_common/pico_unique_id/unique_id.c.obj
 *fill*         0x1000ba21        0x3 
 .rodata.__func__.0
                0x1000ba24       0x20 CMakeFiles/main.dir/C_/VSARM/sdk/pico/pico-sdk/src/rp2_common/pico_unique_id/unique_id.c.obj
 .rodata.str1.4
                0x1000ba44      0x15a CMakeFiles/main.dir/C_/VSARM/sdk/pico/pico-sdk/src/rp2_common/hardware_flash/flash.c.obj
 *fill*         0x1000bb9e        0x2 
 .rodata.__func__.0
                0x1000bba0        0xd CMakeFiles/main.dir/C_/VSARM/sdk/pico/pico-sdk/src/rp2_common/hardware_flash/flash.c.obj
 *fill*         0x1000bbad        0x3 
 .rodata.str1.4
                0x1000bbb0        0x5 ..\freertos\libfreertos.a(tasks.c.obj)
 *fill*         0x1000bbb5        0x3 
 .rodata        0x1000bbb8       0x28 ..\freertos\libfreertos.a(timers.c.obj)
 .rodata.str1.4
                0x1000bbe0       0x10 ..\freertos\libfreertos.a(timers.c.obj)
                0x1000bbf0                . = ALIGN (0x4)
 *(SORT_BY_ALIGNMENT(SORT_BY_NAME(.flashdata*)))
                0x1000bbf0                . = ALIGN (0x4)

.rel.dyn        0x1000bbf0        0x0
 .rel.iplt      0x1000bbf0        0x0 c:/vsarm/armcc/102020~1/bin/../lib/gcc/arm-none-eabi/10.2.1/thumb/v6-m/nofp/crtbegin.o

.ARM.extab
 *(.ARM.extab* .gnu.linkonce.armextab.*)
                0x1000bbf0                __exidx_start = .

.ARM.exidx
 *(.ARM.exidx* .gnu.linkonce.armexidx.*)
                0x1000bbf0                __exidx_end = .
                0x1000bbf0                . = ALIGN (0x4)
                0x1000bbf0                __binary_info_start = .

.binary_info    0x1000bbf0       0x20
 *(.binary_info.keep.*)
 .binary_info.keep.__bi_ptr22
                0x1000bbf0        0x4 CMakeFiles/main.dir/C_/VSARM/sdk/pico/pico-sdk/src/rp2_common/pico_standard_link/binary_info.c.obj
 .binary_info.keep.__bi_ptr30
                0x1000bbf4        0x4 CMakeFiles/main.dir/C_/VSARM/sdk/pico/pico-sdk/src/rp2_common/pico_standard_link/binary_info.c.obj
 .binary_info.keep.__bi_ptr38
                0x1000bbf8        0x4 CMakeFiles/main.dir/C_/VSARM/sdk/pico/pico-sdk/src/rp2_common/pico_standard_link/binary_info.c.obj
 .binary_info.keep.__bi_ptr44
                0x1000bbfc        0x4 CMakeFiles/main.dir/C_/VSARM/sdk/pico/pico-sdk/src/rp2_common/pico_standard_link/binary_info.c.obj
 .binary_info.keep.__bi_ptr50
                0x1000bc00        0x4 CMakeFiles/main.dir/C_/VSARM/sdk/pico/pico-sdk/src/rp2_common/pico_standard_link/binary_info.c.obj
 .binary_info.keep.__bi_ptr75
                0x1000bc04        0x4 CMakeFiles/main.dir/C_/VSARM/sdk/pico/pico-sdk/src/rp2_common/pico_standard_link/binary_info.c.obj
 .binary_info.keep.__bi_ptr81
                0x1000bc08        0x4 CMakeFiles/main.dir/C_/VSARM/sdk/pico/pico-sdk/src/rp2_common/pico_standard_link/binary_info.c.obj
 *(.binary_info.*)
 .binary_info.__bi_ptr118
                0x1000bc0c        0x4 CMakeFiles/main.dir/C_/VSARM/sdk/pico/pico-sdk/src/rp2_common/pico_stdio_usb/stdio_usb.c.obj
                0x1000bc10                __binary_info_end = .
                0x1000bc10                . = ALIGN (0x4)
                0x1000bc10                __etext = .

.ram_vector_table
                0x20000000       0xc0
 *(.ram_vector_table)
 .ram_vector_table
                0x20000000       0xc0 CMakeFiles/main.dir/C_/VSARM/sdk/pico/pico-sdk/src/rp2_common/pico_runtime/runtime.c.obj
                0x20000000                ram_vector_table

.data           0x200000c0      0xcd8 load address 0x1000bc10
                0x200000c0                __data_start__ = .
 *(vtable)
 *(.time_critical*)
 .time_critical.mutex_enter_blocking
                0x200000c0       0x48 CMakeFiles/main.dir/C_/VSARM/sdk/pico/pico-sdk/src/common/pico_sync/mutex.c.obj
                0x200000c0                mutex_enter_blocking
 .time_critical.mutex_try_enter
                0x20000108       0x46 CMakeFiles/main.dir/C_/VSARM/sdk/pico/pico-sdk/src/common/pico_sync/mutex.c.obj
                0x20000108                mutex_try_enter
 *fill*         0x2000014e        0x2 
 .time_critical.mutex_enter_block_until
                0x20000150       0x8c CMakeFiles/main.dir/C_/VSARM/sdk/pico/pico-sdk/src/common/pico_sync/mutex.c.obj
                0x20000150                mutex_enter_block_until
 .time_critical.mutex_enter_timeout_ms